[www.capanicus.com/index.html]
[backblue.gif]
[fade.gif]
[index.html]
[www.capanicus.com/images/og.jpg]
[www.capanicus.com/favicon.ico]
[stackpath.bootstrapcdn.com/bootstrap/4.1.3/css/bootstrap.min.css]
[cdnjs.cloudflare.com/ajax/libs/OwlCarousel2/2.2.0/assets/owl.carousel.css]
[cdnjs.cloudflare.com/ajax/libs/animate.css/3.7.0/animate.css]
[pro.fontawesome.com/releases/v5.10.0/css/all.css]
[www.capanicus.com/contact-us.html]
[www.capanicus.com/voip-solution.html]
[www.capanicus.com/webrtc-application-development.html]
[www.capanicus.com/web-application-development.html]
[www.capanicus.com/smartphone-application-development.html]
[www.capanicus.com/support.html]
[www.capanicus.com/ivr-solution.html]
[www.capanicus.com/devops-services.html]
[www.capanicus.com/blockchain-application-development.html]
[www.capanicus.com/AI-ML-development.html]
[www.capanicus.com/internet-of-things-iot.html]
[www.capanicus.com/dedicated-development-team.html]
[www.capanicus.com/pbx-callcenter-softwares.html]
[www.capanicus.com/mobile-dialer-development.html]
[www.capanicus.com/elearning-platform-app-development.html]
[www.capanicus.com/video-conferencing-app-development.html]
[www.capanicus.com/video-streaming-broadcasting-app-development.html]
[www.capanicus.com/telemedicine-platform-app.html]
[www.capanicus.com/industries.html]
[www.capanicus.com/about-us.html]
[www.capanicus.com/careers.html]
[www.capanicus.com/images/webdevlopment.jpg]
[www.capanicus.com/our-work.html]
[www.capanicus.com/images/SmartphoneApplications.jpg]
[www.capanicus.com/images/DedicatedResource.jpg]
[www.capanicus.com/images/expertise.jpg]
[www.capanicus.com/images/industries.jpg]
[www.capanicus.com/images/about-us.jpg]
[www.capanicus.com/images/career.jpg]
[www.capanicus.com/images/work.jpg]
[www.capanicus.com/images/company.jpg]
[www.capanicus.com/images/slide2.png]
[www.capanicus.com/images/slide3.png]
[www.capanicus.com/web-solution.html]
[www.capanicus.com/images/video-conference-1.png]
[www.capanicus.com/images/mobile-dailer-1.png]
[www.capanicus.com/images/video-streaming-1.png]
[www.capanicus.com/images/serve-img.png]
[www.capanicus.com/images/Industries/serve-img6.png]
[www.capanicus.com/images/Industries/serve-img3.png]
[www.capanicus.com/images/Industries/serve-img7.png]
[www.capanicus.com/images/Industries/serve-img9.png]
[www.capanicus.com/images/Industries/serve-img-ecommerce.png]
[www.capanicus.com/images/Industries/serve-img1.png]
[www.capanicus.com/images/Industries/serve-img-on-demand.png]
[www.capanicus.com/images/Industries/serve-img2.png]
[www.capanicus.com/images/Industries/serve-img-logistics.png]
[www.capanicus.com/images/technology/angular.png]
[www.capanicus.com/images/technology/react.png]
[www.capanicus.com/images/technology/vue.png]
[www.capanicus.com/images/technology/html.png]
[www.capanicus.com/images/technology/bootstrap.png]
[www.capanicus.com/images/technology/css.png]
[www.capanicus.com/images/technology/wordpress.png]
[www.capanicus.com/images/technology/js.png]
[www.capanicus.com/images/technology/Laravel.png]
[www.capanicus.com/images/technology/php.png]
[www.capanicus.com/images/technology/node_js.png]
[www.capanicus.com/images/technology/Codeigniter.png]
[www.capanicus.com/images/technology/Python.png]
[www.capanicus.com/images/technology/asp_net.png]
[www.capanicus.com/images/technology/Flutter.png]
[www.capanicus.com/images/technology/android.png]
[www.capanicus.com/images/technology/app1.png]
[www.capanicus.com/images/technology/My_SQL.png]
[www.capanicus.com/images/technology/PostgreSQL.png]
[www.capanicus.com/images/technology/MS_SQL.png]
[www.capanicus.com/images/technology/MongoDB.png]
[www.capanicus.com/images/technology/aws-1.png]
[www.capanicus.com/images/technology/aws-2.png]
[www.capanicus.com/images/technology/aws-3.png]
[www.capanicus.com/images/review-post/trycall.png]
[www.capanicus.com/images/review-post/myajaran.png]
[www.capanicus.com/images/review-post/goidd.png]
[www.capanicus.com/images/review-post/kasper.png]
[www.capanicus.com/images/client-logos/1.png]
[www.capanicus.com/blog/wp-content/uploads/2024/01/Cap-Blog-23.jpg]
[www.capanicus.com/blog/wp-content/uploads/2024/01/E-Learning-blog.jpg]
[www.capanicus.com/blog/wp-content/uploads/2023/12/Cap-Blog-22.jpg]
[www.capanicus.com/blog/wp-content/uploads/2023/12/Cap-Blog-21-1.jpg]
[www.capanicus.com/blog/user-centric-approach-to-e-learning-platform-development/index.html]
[www.capanicus.com/blog/revolutionize-your-business-with-ai-and-machine-learning-application-development-services/index.html]
[www.capanicus.com/images/upwork.png]
[www.capanicus.com/blog/explore-the-benefits-of-custom-web-application-development-services-for-your-business/index.html]
[www.capanicus.com/images/Clutch-logo.png]
[www.capanicus.com/blog/how-to-build-a-pharmacy-management-software-features-technologies-and-development-process/index.html]
[www.capanicus.com/images/good-firm.png]
[www.capanicus.com/blog/index.html]
[www.capanicus.com/nft-marketplace-development.html]
[code.jquery.com/jquery-3.3.1.slim.min.js]
[cdnjs.cloudflare.com/ajax/libs/popper.js/1.14.3/umd/popper.min.js]
[stackpath.bootstrapcdn.com/bootstrap/4.1.3/js/bootstrap.min.js]
[cdnjs.cloudflare.com/ajax/libs/OwlCarousel2/2.2.0/owl.carousel.js]
[www.capanicus.com/index.html]
[stackpath.bootstrapcdn.com/bootstrap/4.1.3/css/bootstrap.min.css]
[cdn.lordicon.com/lordicon.js]
[cdnjs.cloudflare.com/ajax/libs/OwlCarousel2/2.2.0/assets/owl.carousel.css]
[cdnjs.cloudflare.com/ajax/libs/animate.css/3.7.0/animate.css]
[cdnjs.cloudflare.com/ajax/libs/OwlCarousel2/2.2.0/assets/owl.video.play.png]
[pro.fontawesome.com/releases/v5.10.0/css/all.css]
[www.capanicus.com/fonts/akaju.light-webfont.woff]
[www.capanicus.com/fonts/akaju.regular-webfont.woff]
[www.capanicus.com/images/service_banner.png]
[www.capanicus.com/images/web-development-bg.png]
[www.capanicus.com/images/bussiness-start.png]
[www.capanicus.com/images/server-bg.png]
[www.capanicus.com/images/app-development-bg.png]
[www.capanicus.com/images/major-industry/1.png]
[www.capanicus.com/images/major-industry/2.png]
[www.capanicus.com/images/major-industry/3.png]
[www.capanicus.com/images/major-industry/4.png]
[www.capanicus.com/images/major-industry/5.png]
[www.capanicus.com/images/major-industry/6.png]
[www.capanicus.com/images/major-industry/7.png]
[www.capanicus.com/images/major-industry/8.png]
[www.capanicus.com/images/major-industry/9.png]
[www.capanicus.com/images/major-industry/10.png]
[www.capanicus.com/images/ivr-bg.png]
[www.capanicus.com/images/major-industry/11.png]
[www.capanicus.com/images/major-industry/12.png]
[www.capanicus.com/images/major-industry/13.png]
[www.capanicus.com/images/major-industry/14.png]
[www.capanicus.com/images/major-industry/15.png]
[www.capanicus.com/images/major-industry/16.png]
[www.capanicus.com/images/major-industry/17.png]
[www.capanicus.com/images/major-industry/18.png]
[www.capanicus.com/images/major-industry/19.png]
[www.capanicus.com/images/major-industry/20.png]
[www.capanicus.com/images/contact/banner1.png]
[www.capanicus.com/images/mobile-sip-bg.png]
[www.capanicus.com/images/aws-bg.png]
[www.capanicus.com/images/careers/banner.png]
[www.capanicus.com/images/blockchain/banner-bg.jpg]
[www.capanicus.com/images/blockchain/whyCapanicus-bg.jpg]
[www.capanicus.com/images/blockchain/platform-bg.jpg]
[www.capanicus.com/images/nft/help.jpg]
[www.capanicus.com/images/nft/leading-blockchain.jpg]
[www.capanicus.com/fonts/proxima_nova/ProximaNovaA-Regular.eot]
[www.capanicus.com/fonts/proxima_nova/ProximaNovaA-Regulard41d.eot]
[www.capanicus.com/fonts/proxima_nova/ProximaNovaA-Regular.woff]
[www.capanicus.com/fonts/proxima_nova/ProximaNovaA-Regular.ttf]
[www.capanicus.com/fonts/proxima_nova/ProximaNovaA-Semibold.eot]
[www.capanicus.com/fonts/proxima_nova/ProximaNovaA-Semiboldd41d.eot]
[www.capanicus.com/fonts/proxima_nova/ProximaNovaA-Semibold.woff]
[www.capanicus.com/fonts/proxima_nova/ProximaNovaA-Semibold.ttf]
[www.capanicus.com/images/Industries/restaurant-bg.jpg]
[www.capanicus.com/images/Industries/logistics.jpg]
[www.capanicus.com/images/Industries/real-estate2.jpg]
[www.capanicus.com/images/Industries/restaurant.jpg]
[www.capanicus.com/images/pbx/banner.png]
[www.capanicus.com/images/pbx/ip-features.png]
[www.capanicus.com/images/pbx/unified-communications-bg.png]
[www.capanicus.com/images/pbx/call-center.png]
[www.capanicus.com/images/elearning/banner.png]
[www.capanicus.com/images/elearning/key-points.png]
[www.capanicus.com/images/elearning/modern-education-features.png]
[www.capanicus.com/images/telemedicine/banner.png]
[www.capanicus.com/images/broadcasting/streamingprocess.png]
[www.capanicus.com/images/broadcasting/techstackbg.png]
[www.capanicus.com/images/telemedicine/box.png]
[www.capanicus.com/images/telemedicine/telemedicineapp.jpg]
[www.capanicus.com/images/telemedicine/btn.png]
[www.capanicus.com/images/ai/banner.png]
[www.capanicus.com/images/ai/solution-bg.png]
[www.capanicus.com/images/ai/software-img.png]
[www.capanicus.com/images/ai/advanced-solutions.jpg]
[www.capanicus.com/images/audio-video-banner.png]
[www.capanicus.com/css/style.css]
[www.googletagmanager.com/gtm5445.html]
[www.capanicus.com/captcha37ee.jpg]
[ajax.googleapis.com/ajax/libs/jquery/3.5.1/jquery.min.js]
[www.capanicus.com/contact-us.html]
[www.capanicus.com/images/Services Includes/01.png]
[www.capanicus.com/images/Services Includes/02.png]
[www.capanicus.com/images/Services Includes/03.png]
[www.capanicus.com/images/Services Includes/04.png]
[www.capanicus.com/images/Services Includes/05.png]
[www.capanicus.com/images/Services Includes/06.png]
[www.capanicus.com/images/Services Includes/07.png]
[www.capanicus.com/images/Services Includes/08.png]
[www.capanicus.com/images/Services Includes/09.png]
[www.capanicus.com/images/softwares/1.png]
[www.capanicus.com/voip-solution.html]
[www.capanicus.com/images/Services Includes/10.png]
[www.capanicus.com/images/Services Includes/11.png]
[www.capanicus.com/images/Services Includes/12.png]
[www.capanicus.com/images/Services Includes/13.png]
[www.capanicus.com/images/Services Includes/14.png]
[www.capanicus.com/images/Services Includes/15.png]
[www.capanicus.com/images/softwares/2.png]
[www.capanicus.com/images/online-pletform-img.png]
[www.capanicus.com/webrtc-application-development.html]
[www.capanicus.com/images/web-solution/Frontend/frontend.png]
[www.capanicus.com/images/web-solution/Frontend/backend/backend.png]
[www.capanicus.com/images/web-solution/Frontend/design/design.png]
[www.capanicus.com/images/web-solution/Frontend/database/database.png]
[www.capanicus.com/images/web-solution/management.png]
[www.capanicus.com/images/web-solution/Ecommerce.png]
[www.capanicus.com/images/web-solution/1.png]
[www.capanicus.com/images/web-solution/2.png]
[www.capanicus.com/images/web-solution/3.png]
[www.capanicus.com/images/Web Development Flow.png]
[www.capanicus.com/web-application-development.html]
[www.capanicus.com/images/technology/ios.png]
[www.capanicus.com/images/technology/app3.png]
[www.capanicus.com/iphone-application-development.html]
[www.capanicus.com/images/technology/app2.png]
[www.capanicus.com/cross-platform-applications.html]
[www.capanicus.com/images/technology/app4.png]
[www.capanicus.com/android-application-development.html]
[www.capanicus.com/images/app-flow.jpg]
[www.capanicus.com/smartphone-application-development.html]
[www.capanicus.com/react-native-applications.html]
[www.capanicus.com/images/server-box1.png]
[www.capanicus.com/images/server-box3.png]
[www.capanicus.com/aws-development.html]
[www.capanicus.com/images/server-box2.png]
[www.capanicus.com/images/server-box4.png]
[www.capanicus.com/images/softwares/support.png]
[www.capanicus.com/support.html]
[www.capanicus.com/images/ivr-benefits.png]
[www.capanicus.com/images/ivr-usage.png]
[www.capanicus.com/ivr-solution.html]
[www.capanicus.com/images/cap-logo.png]
[www.capanicus.com/images/devops/banner.png]
[www.capanicus.com/images/devops/services.png]
[www.capanicus.com/images/devops/puppet-logo.png]
[www.capanicus.com/images/devops/terraform-logo.png]
[www.capanicus.com/images/devops/cfengine-logo.png]
[www.capanicus.com/images/devops/ansible-logo.png]
[www.capanicus.com/images/devops/chef-logo.png]
[www.capanicus.com/images/devops/new-relic.png]
[www.capanicus.com/images/devops/grafana.png]
[www.capanicus.com/images/devops/prometheus.png]
[www.capanicus.com/images/devops/datadog.png]
[www.capanicus.com/images/devops/fluentd.png]
[www.capanicus.com/images/devops/splunk.png]
[www.capanicus.com/images/devops/owasp.png]
[www.capanicus.com/images/devops/locust.png]
[www.capanicus.com/images/devops/apache-jmeter.png]
[www.capanicus.com/images/devops/sonarqube.png]
[www.capanicus.com/images/devops/dynatrace.png]
[www.capanicus.com/images/devops/checkmarx.png]
[www.capanicus.com/images/devops/blazemeter.png]
[www.capanicus.com/images/devops/tab-azure-logo.png]
[www.capanicus.com/images/devops/tab-google-logo.png]
[www.capanicus.com/images/devops/tab-aws-logo.png]
[www.capanicus.com/images/devops/my-sql-db.png]
[www.capanicus.com/images/devops/mongo-db2.png]
[www.capanicus.com/images/devops/sql-server-db.png]
[www.capanicus.com/images/devops/cassandra.png]
[www.capanicus.com/images/devops/postgre-sql-db.png]
[www.capanicus.com/images/devops/amazon-dynamodb.png]
[www.capanicus.com/images/devops/bash-shell.png]
[www.capanicus.com/images/devops/groovy.png]
[www.capanicus.com/images/devops/power-shell.png]
[www.capanicus.com/images/devops/lua-lang.png]
[www.capanicus.com/images/devops/python-language.png]
[www.capanicus.com/images/devops/git-hub-code-mgmt.png]
[www.capanicus.com/images/devops/git-lab-code-mgmt.png]
[www.capanicus.com/images/devops/bit-bucket-code-mgmt.png]
[www.capanicus.com/images/devops/tfs-code-mgmt.png]
[www.capanicus.com/images/devops/kubernetes.png]
[www.capanicus.com/images/devops/kong.png]
[www.capanicus.com/images/devops/docker.png]
[www.capanicus.com/images/devops/aws-api-gateway.png]
[www.capanicus.com/images/devops/lstio.png]
[www.capanicus.com/images/devops/jenkins.png]
[www.capanicus.com/images/devops/maven.png]
[www.capanicus.com/images/devops/npm-logo.png]
[www.capanicus.com/images/devops/gradle.png]
[www.capanicus.com/images/devops/pipelines.png]
[www.capanicus.com/images/devops/zebbix.png]
[www.capanicus.com/images/devops/nagios.png]
[www.capanicus.com/devops-services.html]
[www.capanicus.com/images/blockchain/banner.png]
[www.capanicus.com/images/blockchain/services.png]
[www.capanicus.com/images/blockchain/business-solutions1.png]
[www.capanicus.com/images/blockchain/business-solutions2.png]
[www.capanicus.com/images/blockchain/business-solutions3.png]
[www.capanicus.com/images/blockchain/business-solutions4.png]
[www.capanicus.com/images/blockchain/business-solutions5.png]
[www.capanicus.com/images/blockchain/business-solutions6.png]
[www.capanicus.com/images/blockchain/business-solutions7.png]
[www.capanicus.com/images/blockchain/business-solutions8.png]
[www.capanicus.com/images/blockchain/whyCapanicus.png]
[www.capanicus.com/images/blockchain/why-capanicus1.png]
[www.capanicus.com/images/blockchain/why-capanicus2.png]
[www.capanicus.com/images/blockchain/why-capanicus3.png]
[www.capanicus.com/images/blockchain/why-capanicus4.png]
[www.capanicus.com/images/blockchain/ethereum.png]
[www.capanicus.com/images/blockchain/hyperledger.png]
[www.capanicus.com/images/blockchain/corda.png]
[www.capanicus.com/images/blockchain/multichain.png]
[www.capanicus.com/images/blockchain/eos.png]
[www.capanicus.com/images/blockchain/stellar.png]
[www.capanicus.com/images/blockchain/tron.png]
[www.capanicus.com/images/blockchain/blockchain-platform.png]
[www.capanicus.com/images/blockchain/data-feeds.png]
[www.capanicus.com/images/blockchain/off-chain-computing.png]
[www.capanicus.com/images/blockchain/multi-signature.png]
[www.capanicus.com/images/blockchain/governance.png]
[www.capanicus.com/images/blockchain/state-channels.png]
[www.capanicus.com/images/blockchain/oracles.png]
[www.capanicus.com/images/blockchain/wallets.png]
[www.capanicus.com/images/blockchain/smarts-contracts.png]
[www.capanicus.com/images/blockchain/digital-assets.png]
[www.capanicus.com/images/blockchain/digital-ids.png]
[www.capanicus.com/blockchain-application-development.html]
[www.capanicus.com/images/ai/solution-1.png]
[www.capanicus.com/images/ai/solution-2.png]
[www.capanicus.com/images/ai/solution-3.png]
[www.capanicus.com/images/ai/solution-4.png]
[www.capanicus.com/images/ai/solution-5.png]
[www.capanicus.com/images/ai/solution-6.png]
[www.capanicus.com/images/ai/integration-solution-1.png]
[www.capanicus.com/images/ai/integration-solution-2.png]
[www.capanicus.com/images/ai/integration-solution-3.png]
[www.capanicus.com/images/ai/integration-solution-4.png]
[www.capanicus.com/images/ai/integration-solution-5.png]
[www.capanicus.com/images/ai/chat-bot.png]
[www.capanicus.com/images/ai/natural-lang.png]
[www.capanicus.com/images/ai/computer-vision.png]
[www.capanicus.com/images/ai/advanced-solution-1.png]
[www.capanicus.com/images/ai/advanced-solution-2.png]
[www.capanicus.com/images/ai/advanced-solution-3.png]
[www.capanicus.com/images/ai/advanced-solution-6.png]
[www.capanicus.com/images/ai/artificial-intelligence-1.png]
[www.capanicus.com/images/ai/artificial-intelligence-2.png]
[www.capanicus.com/images/ai/artificial-intelligence-3.png]
[www.capanicus.com/images/ai/artificial-intelligence-4.png]
[www.capanicus.com/images/ai/artificial-intelligence-5.png]
[www.capanicus.com/images/ai/artificial-intelligence-6.png]
[www.capanicus.com/images/ai/artificial-intelligence-7.png]
[www.capanicus.com/images/ai/artificial-intelligence-8.png]
[www.capanicus.com/images/ai/artificial-intelligence-9.png]
[www.capanicus.com/images/ai/artificial-intelligence-10.png]
[www.capanicus.com/AI-ML-development.html]
[www.capanicus.com/images/Industries/banner.png]
[www.capanicus.com/images/iot/consultancy.jpg]
[www.capanicus.com/images/iot/softwere.png]
[www.capanicus.com/images/iot/grid-1.png]
[www.capanicus.com/images/iot/grid-2.png]
[www.capanicus.com/images/iot/grid-3.png]
[www.capanicus.com/images/iot/grid-4.png]
[www.capanicus.com/images/iot/grid-5.png]
[www.capanicus.com/images/iot/grid-6.png]
[www.capanicus.com/images/iot/grid-7.png]
[www.capanicus.com/images/iot/grid-8.png]
[www.capanicus.com/images/iot/grid-9.png]
[www.capanicus.com/internet-of-things-iot.html]
[www.capanicus.com/images/dedicated-team/banner.png]
[www.capanicus.com/images/dedicated-team/choice-1.png]
[www.capanicus.com/images/dedicated-team/choice-2.png]
[www.capanicus.com/images/dedicated-team/choice-3.png]
[www.capanicus.com/images/dedicated-team/choice-4.png]
[www.capanicus.com/images/dedicated-team/strength.png]
[www.capanicus.com/images/dedicated-team/development.png]
[www.capanicus.com/images/dedicated-team/design.png]
[www.capanicus.com/images/dedicated-team/operations.png]
[www.capanicus.com/dedicated-development-team.html]
[www.capanicus.com/images/pbx/ip-features-2.png]
[www.capanicus.com/images/pbx/unified-communications.png]
[www.capanicus.com/pbx-callcenter-softwares.html]
[www.capanicus.com/images/mobile-sip-dialer/banner.png]
[www.capanicus.com/images/mobile-sip-dialer/call-management.png]
[www.capanicus.com/images/mobile-sip-dialer/contact-management.png]
[www.capanicus.com/images/mobile-sip-dialer/chat-management.png]
[www.capanicus.com/images/mobile-sip-dialer/payment-transactions.png]
[www.capanicus.com/images/mobile-sip-dialer/technical-specifications.png]
[www.capanicus.com/mobile-dialer-development.html]
[www.capanicus.com/images/elearning/online-assessment.png]
[www.capanicus.com/images/elearning/caret.png]
[www.capanicus.com/images/elearning/web-based-training.png]
[www.capanicus.com/images/elearning/simulation-game-based-learning.png]
[www.capanicus.com/images/elearning/instructor-led-training.png]
[www.capanicus.com/images/elearning/mobile-learning.png]
[www.capanicus.com/images/elearning/legacy-training-material.png]
[www.capanicus.com/elearning-platform-app-development.html]
[www.capanicus.com/images/confrance-app-wave.png]
[www.capanicus.com/images/conferencing-software-solution.png]
[www.capanicus.com/images/technologies-conferencing-development-wave.png]
[www.capanicus.com/images/technologies-conferencing-development/swift.png]
[www.capanicus.com/images/technologies-conferencing-development/kotlin.png]
[www.capanicus.com/images/technologies-conferencing-development/node-js.png]
[www.capanicus.com/images/technologies-conferencing-development/React-icon.png]
[www.capanicus.com/images/technologies-conferencing-development/js.png]
[www.capanicus.com/images/technologies-conferencing-development/Azure.png]
[www.capanicus.com/images/technologies-conferencing-development/Kubernetes.png]
[www.capanicus.com/images/technologies-conferencing-development/WebRTC.png]
[www.capanicus.com/images/technologies-conferencing-development/aws.png]
[www.capanicus.com/images/technologies-conferencing-development/download.png]
[www.capanicus.com/images/technologies-conferencing-development/ts.png]
[www.capanicus.com/images/technologies-conferencing-development/media.png]
[www.capanicus.com/images/technologies-conferencing-development/twilio.png]
[www.capanicus.com/images/technologies-conferencing-development/net.png]
[www.capanicus.com/images/livestreaming.png]
[www.capanicus.com/images/mofeature-wave.png]
[www.capanicus.com/images/more-feature.png]
[www.capanicus.com/video-conferencing-app-development.html]
[www.capanicus.com/images/broadcasting/banner.png]
[www.capanicus.com/images/broadcasting/service1.png]
[www.capanicus.com/images/broadcasting/service2.png]
[www.capanicus.com/images/broadcasting/service3.png]
[www.capanicus.com/images/broadcasting/service4.png]
[www.capanicus.com/images/broadcasting/service5.png]
[www.capanicus.com/images/broadcasting/icon1.png]
[www.capanicus.com/images/broadcasting/icon3.png]
[www.capanicus.com/images/broadcasting/icon5.png]
[www.capanicus.com/images/broadcasting/icon2.png]
[www.capanicus.com/images/broadcasting/icon4.png]
[www.capanicus.com/images/broadcasting/icon6.png]
[www.capanicus.com/images/broadcasting/img2.png]
[www.capanicus.com/images/broadcasting/process1.png]
[www.capanicus.com/images/broadcasting/process2.png]
[www.capanicus.com/images/broadcasting/process3.png]
[www.capanicus.com/images/broadcasting/process4.png]
[www.capanicus.com/images/broadcasting/process5.png]
[www.capanicus.com/images/broadcasting/process5-mob.png]
[www.capanicus.com/images/broadcasting/icon7.png]
[www.capanicus.com/images/broadcasting/icon8.png]
[www.capanicus.com/images/broadcasting/icon9.png]
[www.capanicus.com/images/broadcasting/icon10.png]
[www.capanicus.com/images/broadcasting/icon11.png]
[www.capanicus.com/images/broadcasting/icon12.png]
[www.capanicus.com/images/broadcasting/icon13.png]
[www.capanicus.com/images/broadcasting/icon14.png]
[www.capanicus.com/images/broadcasting/icon15.png]
[www.capanicus.com/images/broadcasting/icon16.png]
[www.capanicus.com/images/broadcasting/icon17.png]
[www.capanicus.com/video-streaming-broadcasting-app-development.html]
[www.capanicus.com/images/telemedicine/doctors.png]
[www.capanicus.com/images/telemedicine/telehealth.png]
[www.capanicus.com/images/telemedicine/clinics.png]
[www.capanicus.com/images/telemedicine/custom-app.png]
[www.capanicus.com/images/telemedicine/monitoring.png]
[www.capanicus.com/images/telemedicine/waiting.png]
[www.capanicus.com/images/telemedicine/record.png]
[www.capanicus.com/images/telemedicine/telemedicine.png]
[www.capanicus.com/images/telemedicine/calender.png]
[www.capanicus.com/images/telemedicine/cost.png]
[www.capanicus.com/images/telemedicine/robust.png]
[www.capanicus.com/images/telemedicine/appoinments.png]
[www.capanicus.com/images/telemedicine/realchat.png]
[www.capanicus.com/images/telemedicine/consult.png]
[www.capanicus.com/images/telemedicine/rating.png]
[www.capanicus.com/images/telemedicine/patientsapp.png]
[www.capanicus.com/images/telemedicine/doctorapp.png]
[www.capanicus.com/images/telemedicine/profile.png]
[www.capanicus.com/images/telemedicine/upload.png]
[www.capanicus.com/images/telemedicine/manage.png]
[www.capanicus.com/images/telemedicine/billing.png]
[www.capanicus.com/images/telemedicine/dashboard.png]
[www.capanicus.com/images/telemedicine/reporting.png]
[www.capanicus.com/images/telemedicine/doctor&patient.png]
[www.capanicus.com/images/telemedicine/broadcast.png]
[www.capanicus.com/images/telemedicine/admin.png]
[www.capanicus.com/telemedicine-platform-app.html]
[www.capanicus.com/images/Industries/healthcare.jpg]
[www.capanicus.com/images/Industries/social-networking.jpg]
[www.capanicus.com/images/Industries/communication.jpg]
[www.capanicus.com/images/Industries/ecommerce.jpg]
[www.capanicus.com/images/Industries/on-demand2.jpg]
[www.capanicus.com/images/Industries/education-learning.jpg]
[www.capanicus.com/industries.html]
[www.capanicus.com/images/about-video-thumbnail-blur.png]
[www.capanicus.com/images/company-story/about-clip.mp4]
[www.capanicus.com/images/company-story/sass-cloud.png]
[www.capanicus.com/images/company-story/domain.png]
[www.capanicus.com/images/company-story/plan.png]
[www.capanicus.com/images/company-story/cost-effective.png]
[www.capanicus.com/images/company-story/support-img.png]
[www.capanicus.com/images/company-story/hiring.png]
[www.capanicus.com/images/capanicus-team/lovnish.jpg]
[www.capanicus.com/images/capanicus-team/nazrul.jpg]
[www.capanicus.com/images/capanicus-team/jatinder.jpg]
[www.capanicus.com/images/capanicus-team/pankaj.jpg]
[www.capanicus.com/images/capanicus-team/malkhan.jpg]
[www.capanicus.com/images/capanicus-team/gurpreet.png]
[www.capanicus.com/images/capanicus-team/gufran.jpg]
[www.capanicus.com/images/capanicus-team/manojkumar.png]
[www.capanicus.com/images/capanicus-team/shadan.jpg]
[www.capanicus.com/images/capanicus-team/amaan.jpg]
[www.capanicus.com/images/capanicus-team/Navpreet.jpg]
[www.capanicus.com/images/capanicus-team/richa.jpg]
[www.capanicus.com/images/capanicus-team/jaspreet.png]
[www.capanicus.com/images/capanicus-team/neetu.png]
[www.capanicus.com/images/capanicus-team/shahid.png]
[www.capanicus.com/images/capanicus-team/priya.png]
[www.capanicus.com/images/capanicus-team/satish.png]
[www.capanicus.com/images/capanicus-team/heena.png]
[www.capanicus.com/images/capanicus-team/neetu-arora.png]
[www.capanicus.com/images/capanicus-team/harshit.png]
[www.capanicus.com/images/capanicus-team/gagan.png]
[www.capanicus.com/images/capanicus-team/vinay.jpg]
[www.capanicus.com/images/capanicus-team/suman-dhiman.jpg]
[www.capanicus.com/images/capanicus-team/neha-saini.jpg]
[www.capanicus.com/images/capanicus-team/abhishek.png]
[www.capanicus.com/images/capanicus-team/kartikesh-sharma.jpg]
[www.capanicus.com/images/capanicus-team/shiva.jpg]
[www.capanicus.com/images/capanicus-team/gurdeep-kaur.jpg]
[www.capanicus.com/images/capanicus-team/arshdeep.jpg]
[www.capanicus.com/images/capanicus-team/manjot.jpg]
[www.capanicus.com/images/capanicus-team/navdeep.jpg]
[www.capanicus.com/images/capanicus-team/naveen.png]
[www.capanicus.com/images/capanicus-team/khatib.png]
[www.capanicus.com/images/capanicus-team/sandeep.png]
[www.capanicus.com/images/capanicus-team/shalni.png]
[www.capanicus.com/images/capanicus-team/aman.png]
[www.capanicus.com/images/capanicus-team/shiv.png]
[www.capanicus.com/images/capanicus-team/shubham-saini.png]
[www.capanicus.com/images/capanicus-team/rozy.png]
[www.capanicus.com/images/capanicus-team/bhawanjot.jpg]
[www.capanicus.com/images/capanicus-team/manpreet.jpg]
[www.capanicus.com/images/capanicus-team/ashish.jpg]
[www.capanicus.com/images/capanicus-team/samiksha.jpg]
[www.capanicus.com/images/capanicus-team/raavinder.jpg]
[www.capanicus.com/images/capanicus-team/rakesh.jpg]
[www.capanicus.com/images/capanicus-team/diwyanshu.jpg]
[www.capanicus.com/images/capanicus-team/amanjot.jpg]
[www.capanicus.com/images/capanicus-team/sakshi.jpg]
[www.capanicus.com/images/capanicus-team/sourabh.png]
[www.capanicus.com/images/capanicus-team/bhavesh.jpg]
[www.capanicus.com/images/capanicus-team/gaganpreet.jpg]
[www.capanicus.com/images/capanicus-team/naresh.jpg]
[www.capanicus.com/images/capanicus-team/deepak.jpg]
[www.capanicus.com/images/capanicus-team/isha.jpg]
[www.capanicus.com/images/capanicus-team/vivek.jpg]
[www.capanicus.com/images/capanicus-team/narender.jpg]
[www.capanicus.com/images/capanicus-team/yashpal.jpg]
[www.capanicus.com/images/capanicus-team/Asmita.jpg]
[www.capanicus.com/images/capanicus-team/amjad.jpg]
[www.capanicus.com/images/capanicus-team/mukesh.jpg]
[www.capanicus.com/images/capanicus-team/shashi.jpg]
[www.capanicus.com/images/capanicus-team/manisha.jpg]
[www.capanicus.com/images/capanicus-team/navneet-qa.jpg]
[www.capanicus.com/images/capanicus-team/manpreet-android.jpg]
[www.capanicus.com/images/capanicus-team/preeti-android.jpg]
[www.capanicus.com/images/capanicus-team/manak.jpg]
[www.capanicus.com/images/capanicus-team/zeeshan-g.jpg]
[www.capanicus.com/images/capanicus-team/zeeshan.jpg]
[www.capanicus.com/images/capanicus-team/ankit.jpg]
[www.capanicus.com/images/capanicus-team/rahul.png]
[www.capanicus.com/images/company-story/1.png]
[www.capanicus.com/images/company-story/2.png]
[www.capanicus.com/images/company-story/3.png]
[www.capanicus.com/images/company-story/4.png]
[www.capanicus.com/images/company-story/5.png]
[www.capanicus.com/images/company-story/6.png]
[www.capanicus.com/images/company-story/7.png]
[www.capanicus.com/images/company-story/8.png]
[www.capanicus.com/images/company-story/9.png]
[www.capanicus.com/images/company-story/10.png]
[www.capanicus.com/images/company-story/11.png]
[www.capanicus.com/images/company-story/12.png]
[www.capanicus.com/images/company-story/13.png]
[www.capanicus.com/images/company-story/14.png]
[www.capanicus.com/about-us.html]
[www.capanicus.com/images/company-story/about-us.mp4]
[www.capanicus.com/images/careers/1.png]
[www.capanicus.com/images/careers/2.png]
[www.capanicus.com/images/careers/3.png]
[www.capanicus.com/images/careers/4.png]
[www.capanicus.com/careers.html]
[www.capanicus.com/images/our-works/w-1.png]
[www.capanicus.com/images/our-works/w-2.png]
[www.capanicus.com/images/our-works/w-3.png]
[www.capanicus.com/images/our-works/w-4.png]
[www.capanicus.com/images/our-works/w-5.png]
[www.capanicus.com/images/our-works/w-6.png]
[www.capanicus.com/images/our-works/w-7.png]
[www.capanicus.com/images/our-works/w-8.png]
[www.capanicus.com/images/our-works/w-9.png]
[www.capanicus.com/our-work.html]
[www.capanicus.com/images/ info@naysaadigital.com.svg]
[www.capanicus.com/images/voip-2.svg]
[www.capanicus.com/images/web-development-1.svg]
[www.capanicus.com/images/graphic-designer-1.svg]
[www.capanicus.com/web-solution.html]
[www.capanicus.com/images/server-ico-img.svg]
[www.capanicus.com/images/user-interface-1.svg]
[www.capanicus.com/images/ivr-1.svg]
[www.capanicus.com/blog/comments/feed/index.html]
[www.capanicus.com/blog/feed/index.html]
[www.capanicus.com/blog/revolutionize-your-business-with-ai-and-machine-learning-application-development-services/feed/index.html]
[www.capanicus.com/blog/wp-includes/js/jquery/jquery.minf43b.js]
[www.capanicus.com/blog/wp-includes/js/jquery/jquery-migrate.min5589.js]
[www.capanicus.com/blog/wp-content/plugins/header-footer-custom-html/public/js/header-footer-custom-html-publiccb18.js]
[www.capanicus.com/blog/wp-json/index.html]
[www.capanicus.com/blog/wp-json/wp/v2/posts/1018.json]
[www.capanicus.com/blog/xmlrpc0db0.php]
[www.capanicus.com/blog/wp-json/oembed/1.0/embed287c.json]
[www.capanicus.com/blog/wp-json/oembed/1.0/embed7e0f]
[www.capanicus.com/blog/revolutionize-your-business-with-ai-and-machine-learning-application-development-services/index.html]
[www.capanicus.com/blog/category/trending-technologies/index.html]
[www.capanicus.com/blog/tag/ai-and-ml-development-services/index.html]
[www.capanicus.com/blog/tag/machine-learning-application-development/index.html]
[www.capanicus.com/blog/why-is-it-important-for-voip-service-providers-to-develop-mobile-sip-dialers/index.html]
[www.capanicus.com/blog/wp-json/wp/v2/posts/1015.json]
[www.capanicus.com/blog/tag/ml-development-services/index.html]
[www.capanicus.com/blog/a-guide-to-why-need-calling-card-solutions-and-ip-pbx-software-development-for-your-call-centre/index.html]
[www.capanicus.com/blog/iot-application-development-a-step-by-step-guide-2023/index.html]
[www.capanicus.com/blog/wp-json/oembed/1.0/embedb9da.json]
[www.capanicus.com/blog/mobile-app-development-establish-a-budget-and-create-effective-apps/index.html]
[www.capanicus.com/blog/e-commerce-website-development-types-influencing-factors-trends-technology/index.html]
[www.capanicus.com/blog/nft-marketplace-development-exploring-the-world-of-nfts-and-digital-collectibles/index.html]
[www.capanicus.com/blog/user-centric-approach-to-e-learning-platform-development/feed/index.html]
[www.capanicus.com/blog/wp-json/oembed/1.0/embedd1b2]
[www.capanicus.com/blog/user-centric-approach-to-e-learning-platform-development/index.html]
[www.capanicus.com/blog/e-learning-platform-development/index.html]
[www.capanicus.com/blog/wp-json/wp/v2/posts/1007.json]
[www.capanicus.com/blog/tag/e-learning-platform-development/index.html]
[www.capanicus.com/blog/tag/e-learning-software-development/index.html]
[www.capanicus.com/blog/explore-the-benefits-of-custom-web-application-development-services-for-your-business/feed/index.html]
[www.capanicus.com/blog/wp-json/oembed/1.0/embed2967.json]
[www.capanicus.com/blog/wp-json/oembed/1.0/embedb529]
[www.capanicus.com/blog/wp-content/uploads/2023/12/Cap-Blog-22b.jpg]
[www.capanicus.com/blog/wp-content/uploads/2023/12/Cap-Blog-22c.jpg]
[www.capanicus.com/blog/wp-content/uploads/2023/12/Web-Applications-vs-Websites.jpg]
[www.capanicus.com/blog/wp-content/uploads/2023/12/web-application.jpg]
[www.capanicus.com/blog/explore-the-benefits-of-custom-web-application-development-services-for-your-business/index.html]
[www.capanicus.com/blog/wp-json/wp/v2/posts/981.json]
[www.capanicus.com/blog/how-to-build-a-pharmacy-management-software-features-technologies-and-development-process/feed/index.html]
[www.capanicus.com/blog/wp-json/oembed/1.0/embed097f.json]
[www.capanicus.com/blog/wp-json/oembed/1.0/embed7c52]
[www.capanicus.com/blog/wp-content/uploads/2023/12/Cap-Blog-21b.jpg]
[www.capanicus.com/blog/wp-content/uploads/2023/12/Cap-Blog-21c.jpg]
[www.capanicus.com/blog/wp-content/uploads/2023/12/Cap-Blog-21d.jpg]
[www.capanicus.com/blog/how-to-build-a-pharmacy-management-software-features-technologies-and-development-process/index.html]
[www.capanicus.com/blog/tag/pharmacy-app-development-solution/index.html]
[www.capanicus.com/blog/tag/pharmacy-app-service-provider/index.html]
[www.capanicus.com/blog/wp-content/uploads/2019/09/cropped-cropped-header-3-5-1.jpg]
[www.capanicus.com/blog/tag/pharmacy-management-software/index.html]
[www.capanicus.com/blog/tag/pharmacy-software-development/index.html]
[www.capanicus.com/blog/wp-content/uploads/2024/01/Cap-Blog-23-606x562.jpg]
[www.capanicus.com/blog/tag/pharmacy-management-software-development/index.html]
[www.capanicus.com/blog/wp-content/uploads/2024/01/E-Learning-blog-606x562.jpg]
[www.capanicus.com/blog/page/2/index.html]
[www.capanicus.com/blog/wp-content/uploads/2023/12/Cap-Blog-22-606x562.jpg]
[www.capanicus.com/blog/wp-content/uploads/2023/12/Cap-Blog-21-1-606x562.jpg]
[www.capanicus.com/blog/wp-content/uploads/2023/11/Cap-Blog-20-1-606x562.jpg]
[www.capanicus.com/blog/wp-content/uploads/2023/10/Cap-Blog-19a-1-606x562.jpg]
[www.capanicus.com/blog/wp-content/uploads/2023/12/Cap-Blog-18c-2-606x562.jpg]
[www.capanicus.com/blog/wp-content/uploads/2023/10/cap-blog-17a-606x562.jpg]
[www.capanicus.com/blog/wp-content/uploads/2023/09/Cap-Blog-16-1-606x606.jpg]
[www.capanicus.com/blog/wp-content/uploads/2023/09/Cap-Blog-15c-1-606x606.jpg]
[www.capanicus.com/blog/index.html]
[www.capanicus.com/images/nft/banner.png]
[www.capanicus.com/images/nft/benefits.png]
[www.capanicus.com/images/nft/help1.png]
[www.capanicus.com/images/nft/help2.png]
[www.capanicus.com/images/nft/help3.png]
[www.capanicus.com/images/nft/help4.png]
[www.capanicus.com/images/nft/help5.png]
[www.capanicus.com/images/nft/help6.png]
[www.capanicus.com/images/nft/feature1.png]
[www.capanicus.com/images/nft/feature2.png]
[www.capanicus.com/images/nft/feature3.png]
[www.capanicus.com/images/nft/feature4.png]
[www.capanicus.com/images/nft/feature5.png]
[www.capanicus.com/images/nft/feature6.png]
[www.capanicus.com/images/nft/feature7.png]
[www.capanicus.com/images/nft/feature8.png]
[www.capanicus.com/images/nft/feature9.png]
[www.capanicus.com/images/nft/feature10.png]
[www.capanicus.com/images/nft/feature11.png]
[www.capanicus.com/images/nft/feature12.png]
[www.capanicus.com/images/nft/ethereum.png]
[www.capanicus.com/images/nft/solana.png]
[www.capanicus.com/images/nft/polkadot.png]
[www.capanicus.com/images/nft/development-process.png]
[www.capanicus.com/nft-marketplace-development.html]
[www.capanicus.com/images/white- info@naysaadigital.com.svg]
[www.capanicus.com/images/]
[www.capanicus.com/fonts/akaju.light-webfont.html]
[www.capanicus.com/fonts/akaju.regular-webfont.html]
[www.capanicus.com/images/header-shadow.svg]
[www.capanicus.com/images/banner-left-shadow.svg]
[www.capanicus.com/images/banner-circle.svg]
[www.capanicus.com/images/company-story/banner-bg.html]
[www.capanicus.com/images/case-page/banner-bg.svg]
[www.capanicus.com/images/case-page/phone-bg.svg]
[www.capanicus.com/images/case-page/shape-arrow.svg]
[www.capanicus.com/images/case-page/project-team-bg.svg]
[www.capanicus.com/images/case-page/tech-stack.svg]
[www.capanicus.com/fonts/proxima_nova/ProximaNovaA-Regular.html]
[www.capanicus.com/fonts/proxima_nova/ProximaNovaA-Semibold.html]
[www.capanicus.com/images/Industries/case-study-svg.svg]
[www.capanicus.com/images/white-info@capanicus.com.svg]
[www.capanicus.com/images/white-hr@capanicus.com.svg]
[www.capanicus.com/images/Webinar Apps.svg]
[www.capanicus.com/images/online-teaching.svg]
[www.capanicus.com/images/ios/1.png]
[www.capanicus.com/images/ios/2.png]
[www.capanicus.com/iphone-application-development.html]
[www.capanicus.com/images/ios/Customized Development.png]
[www.capanicus.com/images/ios/3.png]
[www.capanicus.com/cross-platform-applications.html]
[www.capanicus.com/images/ios/android.png]
[www.capanicus.com/android-application-development.html]
[www.capanicus.com/images/ios/react-native.png]
[www.capanicus.com/react-native-applications.html]
[www.capanicus.com/images/awe-development/Amazon EC2.png]
[www.capanicus.com/images/awe-development/Amazon VPC.png]
[www.capanicus.com/images/awe-development/Amazon s3.png]
[www.capanicus.com/images/awe-development/Amazon Glacier.png]
[www.capanicus.com/images/awe-development/Amazon Elasticache.png]
[www.capanicus.com/images/awe-development/Amazon RDS.png]
[www.capanicus.com/images/awe-development/Amazon Route 53.png]
[www.capanicus.com/images/awe-development/Amazon CloudFront.png]
[www.capanicus.com/images/awe-development/Amazon SES.png]
[www.capanicus.com/images/awe-development/Amazon OpsWorks DevOps.png]
[www.capanicus.com/images/awe-development/Amazon SQS.png]
[www.capanicus.com/images/awe-development/Amazon SNS.png]
[www.capanicus.com/aws-development.html]
[www.capanicus.com/images/our-works/our work banner img.svg]
[www.capanicus.com/blog/wp-includes/css/dist/block-library/style.min1e39.css]
[www.capanicus.com/blog/wp-content/plugins/header-footer-custom-html/public/css/header-footer-custom-html-publiccb18.css]
[www.capanicus.com/blog/wp-content/themes/intuitive/assets/css/font-awesome/fonts/fontawesome-webfont3e6e.eot]
[www.capanicus.com/blog/wp-content/themes/intuitive/assets/css/font-awesome/fonts/fontawesome-webfontd41d.eot]
[www.capanicus.com/blog/wp-content/themes/intuitive/assets/css/font-awesome/fonts/fontawesome-webfont3e6e.woff]
[www.capanicus.com/blog/wp-content/themes/intuitive/assets/css/font-awesome/fonts/fontawesome-webfont3e6e.ttf]
[www.capanicus.com/blog/wp-content/themes/intuitive/assets/css/font-awesome/css/font-awesome1849.css]
[www.capanicus.com/blog/wp-content/themes/intuitive/style1e39.css]
[www.capanicus.com/blog/wp-content/themes/intuitive/assets/css/blocks5152.css]
[www.capanicus.com/blog/indexbd7b.html]
[www.capanicus.com/blog/xmlrpc.php]
[www.capanicus.com/blog/author/capanicus_2vvd2z/index.html]
[www.capanicus.com/blog/wp-json/wp/v2/categories/28.json]
[www.capanicus.com/blog/category/trending-technologies/feed/index.html]
[www.capanicus.com/blog/wp-content/uploads/2023/07/Cap-Blog-13-606x606.jpg]
[www.capanicus.com/blog/wp-content/uploads/2023/07/Restaurant-banner-4-606x562.jpg]
[www.capanicus.com/blog/wp-content/uploads/2023/06/Cap-Blog-11a-606x562.jpg]
[www.capanicus.com/blog/category/trending-technologies/index.html]
[www.capanicus.com/blog/category/trending-technologies/page/2/index.html]
[www.capanicus.com/blog/blockchain-application-development-seamless-digital-transformation-with-blockchain-solutions/index.html]
[www.capanicus.com/blog/top-and-best-ott-application-development-company/index.html]
[www.capanicus.com/blog/restaurant-mobile-application-development-company/index.html]
[www.capanicus.com/blog/wp-json/wp/v2/tags/110.json]
[www.capanicus.com/blog/tag/ai-and-ml-development-services/index.html]
[www.capanicus.com/blog/tag/ai-and-ml-development-services/feed/index.html]
[www.capanicus.com/blog/tag/machine-learning-application-development/feed/index.html]
[www.capanicus.com/blog/wp-json/wp/v2/tags/112.json]
[www.capanicus.com/blog/tag/machine-learning-application-development/index.html]
[www.capanicus.com/blog/wp-json/wp/v2/tags/111.json]
[www.capanicus.com/blog/tag/ml-development-services/index.html]
[www.capanicus.com/blog/tag/ml-development-services/feed/index.html]
[www.capanicus.com/blog/wp-content/uploads/2023/11/Cap-Blog-20-1.jpg]
[www.capanicus.com/blog/wp-json/wp/v2/posts/969.json]
[www.capanicus.com/blog/why-is-it-important-for-voip-service-providers-to-develop-mobile-sip-dialers/feed/index.html]
[www.capanicus.com/blog/wp-json/oembed/1.0/embed4421.json]
[www.capanicus.com/blog/wp-json/oembed/1.0/embed7a27]
[www.capanicus.com/blog/wp-content/uploads/2023/11/Cap-Blog-20a.jpg]
[www.capanicus.com/blog/wp-content/uploads/2023/11/Cap-Blog-20B.jpg]
[www.capanicus.com/blog/why-is-it-important-for-voip-service-providers-to-develop-mobile-sip-dialers/index.html]
[www.capanicus.com/blog/category/voip-development-company/index.html]
[www.capanicus.com/blog/wp-content/uploads/2023/10/Cap-Blog-19a-1.jpg]
[www.capanicus.com/blog/category/voip-over-landline/index.html]
[www.capanicus.com/blog/wp-json/wp/v2/posts/961.json]
[www.capanicus.com/blog/tag/auto-dialer-development/index.html]
[www.capanicus.com/blog/tag/sip-dialer-development/index.html]
[www.capanicus.com/blog/tag/sip-dialers/index.html]
[www.capanicus.com/blog/wp-json/oembed/1.0/embed27ad.json]
[www.capanicus.com/blog/tag/sip-software-development/index.html]
[www.capanicus.com/blog/a-guide-to-why-need-calling-card-solutions-and-ip-pbx-software-development-for-your-call-centre/feed/index.html]
[www.capanicus.com/blog/wp-json/oembed/1.0/embedfc03]
[www.capanicus.com/blog/wp-content/uploads/2023/10/Cap-Blog-19b.jpg]
[www.capanicus.com/blog/wp-content/uploads/2023/10/Cap-Blog-19c.jpg]
[www.capanicus.com/blog/wp-content/uploads/2023/10/Cap-Blog-19d.jpg]
[www.capanicus.com/blog/a-guide-to-why-need-calling-card-solutions-and-ip-pbx-software-development-for-your-call-centre/index.html]
[www.capanicus.com/blog/tag/calling-card-solutions/index.html]
[www.capanicus.com/blog/wp-content/uploads/2023/12/Cap-Blog-18c-2.jpg]
[www.capanicus.com/blog/tag/ip-pbx-software-development/index.html]
[www.capanicus.com/blog/tag/pbx-setup/index.html]
[www.capanicus.com/blog/tag/pbx-software/index.html]
[www.capanicus.com/blog/tag/pbx-software-development/index.html]
[www.capanicus.com/blog/tag/pbx-software-development-services/index.html]
[www.capanicus.com/blog/wp-json/wp/v2/posts/948.json]
[www.capanicus.com/blog/iot-application-development-a-step-by-step-guide-2023/feed/index.html]
[www.capanicus.com/blog/wp-json/oembed/1.0/embed00d6.json]
[www.capanicus.com/blog/wp-json/oembed/1.0/embedcb22]
[www.capanicus.com/blog/wp-content/uploads/2023/10/Cap-Blog-18b.jpg]
[www.capanicus.com/blog/wp-content/uploads/2023/10/cap-blog-18a-1.jpg]
[www.capanicus.com/blog/wp-content/uploads/2023/10/Cap-Blog-18d.jpg]
[www.capanicus.com/blog/iot-application-development-a-step-by-step-guide-2023/index.html]
[www.capanicus.com/blog/wp-content/uploads/2023/10/cap-blog-17a.jpg]
[www.capanicus.com/blog/category/uncategorized/index.html]
[www.capanicus.com/blog/tag/iot-app-development/index.html]
[www.capanicus.com/blog/tag/iot-app-development-company/index.html]
[www.capanicus.com/blog/wp-json/wp/v2/posts/938.json]
[www.capanicus.com/blog/tag/iot-application-development/index.html]
[www.capanicus.com/blog/tag/iot-application-development-company/index.html]
[www.capanicus.com/blog/mobile-app-development-establish-a-budget-and-create-effective-apps/feed/index.html]
[www.capanicus.com/blog/wp-json/oembed/1.0/embeda292.json]
[www.capanicus.com/blog/wp-json/oembed/1.0/embedb4f0]
[www.capanicus.com/blog/wp-content/uploads/2023/10/cap-blog-17b.jpg]
[www.capanicus.com/blog/wp-content/uploads/2023/10/cap-blog-17c.jpg]
[www.capanicus.com/blog/wp-content/uploads/2023/10/development-cost.png]
[www.capanicus.com/blog/wp-content/uploads/2023/10/cap-blog-17d.jpg]
[www.capanicus.com/blog/mobile-app-development-establish-a-budget-and-create-effective-apps/index.html]
[www.capanicus.com/blog/tag/best-mobile-app-development-company/index.html]
[www.capanicus.com/blog/wp-content/uploads/2023/09/Cap-Blog-16-1.jpg]
[www.capanicus.com/blog/wp-json/wp/v2/posts/930.json]
[www.capanicus.com/blog/tag/mobile-app-development/index.html]
[www.capanicus.com/blog/e-commerce-website-development-types-influencing-factors-trends-technology/feed/index.html]
[www.capanicus.com/blog/wp-json/oembed/1.0/embed072a.json]
[www.capanicus.com/blog/wp-json/oembed/1.0/embed2079]
[www.capanicus.com/blog/wp-content/uploads/2023/09/Cap-Blog-16c.jpg]
[www.capanicus.com/blog/wp-content/uploads/2023/09/Cap-Blog-16b.jpg]
[www.capanicus.com/blog/wp-content/uploads/2023/09/Cap-Blog-16d.jpg]
[www.capanicus.com/blog/e-commerce-website-development-types-influencing-factors-trends-technology/index.html]
[www.capanicus.com/blog/tag/e-commerce-development-services/index.html]
[www.capanicus.com/blog/wp-content/uploads/2023/09/Cap-Blog-15c-1.jpg]
[www.capanicus.com/blog/tag/e-commerce-website/index.html]
[www.capanicus.com/blog/tag/e-commerce-website-development/index.html]
[www.capanicus.com/blog/tag/e-commerce-website-development-services/index.html]
[www.capanicus.com/blog/wp-json/wp/v2/posts/919.json]
[www.capanicus.com/blog/nft-marketplace-development-exploring-the-world-of-nfts-and-digital-collectibles/feed/index.html]
[www.capanicus.com/blog/wp-json/oembed/1.0/embed6d23.json]
[www.capanicus.com/blog/wp-json/oembed/1.0/embed3bc3]
[www.capanicus.com/blog/wp-content/uploads/2023/09/Cap-Blog-15c-1-1024x576.jpg]
[www.capanicus.com/blog/wp-content/uploads/2023/09/Cap-Blog-15d-1024x576.jpg]
[www.capanicus.com/blog/wp-content/uploads/2023/09/Cap-Blog-15b-1024x576.jpg]
[www.capanicus.com/blog/wp-content/uploads/2023/09/Cap-Blog-15-1024x576.jpg]
[www.capanicus.com/blog/nft-marketplace-development-exploring-the-world-of-nfts-and-digital-collectibles/index.html]
[www.capanicus.com/blog/indexd7bf.html]
[www.capanicus.com/blog/tag/nft-development/index.html]
[www.capanicus.com/blog/tag/nft-marketplace-development/index.html]
[www.capanicus.com/blog/tag/nft-marketplace-platform/index.html]
[www.capanicus.com/blog/tag/nft-marketplace-platform-development/index.html]
[www.capanicus.com/blog/wp-content/uploads/2022/09/E-Learning-4-scaled.jpg]
[www.capanicus.com/blog/ivr-services-solutions-development-the-phone-system-for-modern-business/index.html]
[www.capanicus.com/blog/wp-json/wp/v2/posts/509.json]
[www.capanicus.com/blog/e-learning-platform-development/feed/index.html]
[www.capanicus.com/blog/wp-json/oembed/1.0/embed4cca.json]
[www.capanicus.com/blog/wp-json/oembed/1.0/embedaa66]
[www.capanicus.com/blog/e-learning-platform-development/index.html]
[www.capanicus.com/blog/category/video-conference/index.html]
[www.capanicus.com/blog/category/webrtc/index.html]
[www.capanicus.com/blog/tag/e-learning-platform-development-company/index.html]
[www.capanicus.com/blog/wp-json/wp/v2/tags/34.json]
[www.capanicus.com/blog/tag/online-tutoring-app-development-company/index.html]
[www.capanicus.com/blog/tag/online-tutoring-app-development/index.html]
[www.capanicus.com/blog/video-streaming-application-development-company/index.html]
[www.capanicus.com/blog/wp-content/uploads/2022/09/E-Learning-4-606x606.jpg]
[www.capanicus.com/blog/tag/e-learning-platform-development/index.html]
[www.capanicus.com/blog/tag/e-learning-platform-development/feed/index.html]
[www.capanicus.com/blog/online-tutoring-app-development-company/index.html]
[www.capanicus.com/blog/wp-json/wp/v2/tags/109.json]
[www.capanicus.com/blog/tag/e-learning-software-development/index.html]
[www.capanicus.com/blog/index65c1.html]
[www.capanicus.com/blog/indexc56d.html]
[www.capanicus.com/blog/tag/e-learning-software-development/feed/index.html]
[www.capanicus.com/blog/wp-json/wp/v2/tags/108.json]
[www.capanicus.com/blog/tag/pharmacy-app-development-solution/index.html]
[www.capanicus.com/blog/tag/pharmacy-app-development-solution/feed/index.html]
[www.capanicus.com/blog/wp-json/wp/v2/tags/107.json]
[www.capanicus.com/blog/tag/pharmacy-app-service-provider/index.html]
[www.capanicus.com/blog/tag/pharmacy-app-service-provider/feed/index.html]
[www.capanicus.com/blog/wp-json/wp/v2/tags/104.json]
[www.capanicus.com/blog/tag/pharmacy-management-software/index.html]
[www.capanicus.com/blog/tag/pharmacy-management-software/feed/index.html]
[www.capanicus.com/blog/wp-json/wp/v2/tags/105.json]
[www.capanicus.com/blog/tag/pharmacy-management-software-development/index.html]
[www.capanicus.com/blog/tag/pharmacy-management-software-development/feed/index.html]
[www.capanicus.com/blog/wp-json/wp/v2/tags/106.json]
[www.capanicus.com/blog/tag/pharmacy-software-development/index.html]
[www.capanicus.com/blog/tag/pharmacy-software-development/feed/index.html]
[www.capanicus.com/blog/page/3/index.html]
[www.capanicus.com/blog/wp-content/uploads/2023/08/IVR-Blog-606x606.jpg]
[www.capanicus.com/blog/wp-content/uploads/2023/03/voip-1.jpg]
[www.capanicus.com/blog/wp-content/uploads/2023/02/Telemedicine-App-8-606x450.jpg]
[www.capanicus.com/blog/wp-content/uploads/2023/02/Cap-Blog-9-606x563.jpg]
[www.capanicus.com/blog/wp-content/uploads/2022/12/Live-Streaming-blog-606x606.jpg]
[www.capanicus.com/blog/voip-software-development-company/index.html]
[www.capanicus.com/blog/wp-content/uploads/2022/10/Cap-Blog-2-606x606.jpg]
[www.capanicus.com/blog/the-surprising-truth-about-smartphone-applications-development/index.html]
[www.capanicus.com/blog/wp-content/uploads/2022/09/Cap-Blog-606x606.jpg]
[www.capanicus.com/blog/page/2/index.html]
[www.capanicus.com/images/awe-development/bro.svg]
[www.capanicus.com/blog/wp-content/themes/intuitive/assets/css/font-awesome/fonts/fontawesome-webfont3e6e.html]
[www.capanicus.com/blog/telemedicine-app-development-the-way-to-revolutionize-healthcare/index.html]
[www.capanicus.com/blog/wp-content/themes/intuitive/assets/css/font-awesome/fonts/fontawesome-webfont3e6e.svg]
[www.capanicus.com/blog/wp-content/themes/fonts/akaju.light-webfont.html]
[www.capanicus.com/blog/wp-content/themes/fonts/akaju.light-webfont-2.html]
[www.capanicus.com/blog/wp-content/themes/fonts/akaju.regular-webfont.html]
[www.capanicus.com/blog/wp-content/themes/fonts/akaju.regular-webfont-2.html]
[www.capanicus.com/blog/wp-content/themes/images/header-shadow.html]
[www.capanicus.com/blog/wp-content/themes/images/banner-left-shadow.html]
[www.capanicus.com/blog/wp-content/themes/images/banner-circle.html]
[www.capanicus.com/blog/wp-content/themes/images/case-page/shape-arrow.html]
[www.capanicus.com/blog/the-advantages-of-live-streaming-apps-for-organisation/index.html]
[www.capanicus.com/blog/webrtc-services-development-company/index.html]
[www.capanicus.com/blog/wp-content/uploads/2020/12/eCommerce_tredsn_you_must_know-606x606.png]
[www.capanicus.com/blog/category/trending-technologies/page/3/index.html]
[www.capanicus.com/blog/wp-content/uploads/2020/11/mad_blog_5d1ca4198fff61562158105-606x550.png]
[www.capanicus.com/blog/coming-trends-in-e-commerce/index.html]
[www.capanicus.com/blog/wp-content/uploads/2020/08/VC-guide-use-case_0-606x606.jpg]
[www.capanicus.com/blog/wp-content/uploads/2020/08/digital-health-trends-1024x562-1-606x562.jpg]
[www.capanicus.com/blog/wp-content/uploads/2020/07/telemdecine-606x540.png]
[www.capanicus.com/blog/wp-content/uploads/2020/06/Virtual-Classroom-606x606.jpg]
[www.capanicus.com/blog/category/trending-technologies/page/2/index.html]
[www.capanicus.com/blog/upcoming-technologies-that-will-trigger-your-carrier/index.html]
[www.capanicus.com/blog/covid-19-and-video-conferencing/index.html]
[www.capanicus.com/blog/digital-health-service-telehealth/index.html]
[www.capanicus.com/blog/telemedicine-app-development-company/index.html]
[www.capanicus.com/blog/online-teaching-platform/index.html]
[www.capanicus.com/blog/wp-content/uploads/2023/07/Cap-Blog-13.jpg]
[www.capanicus.com/blog/wp-json/wp/v2/posts/897.json]
[www.capanicus.com/blog/blockchain-application-development-seamless-digital-transformation-with-blockchain-solutions/feed/index.html]
[www.capanicus.com/blog/wp-json/oembed/1.0/embed68fe.json]
[www.capanicus.com/blog/wp-json/oembed/1.0/embed57b9]
[www.capanicus.com/blog/wp-content/uploads/2023/07/Cap-Blog-13-1024x576.jpg]
[www.capanicus.com/blog/wp-content/uploads/2023/07/Cap-Blog-14-1-1024x347.jpg]
[www.capanicus.com/blog/blockchain-application-development-seamless-digital-transformation-with-blockchain-solutions/index.html]
[www.capanicus.com/blog/wp-content/uploads/2023/07/Restaurant-banner-4.jpg]
[www.capanicus.com/blog/tag/blockchain-application-development/index.html]
[www.capanicus.com/blog/tag/blockchain-application-development-company/index.html]
[www.capanicus.com/blog/wp-json/wp/v2/posts/880.json]
[www.capanicus.com/blog/restaurant-mobile-application-development-company/feed/index.html]
[www.capanicus.com/blog/wp-json/oembed/1.0/embed91bc.json]
[www.capanicus.com/blog/wp-json/oembed/1.0/embeddf3d]
[www.capanicus.com/blog/wp-content/uploads/2023/07/InShot_20230710_180134313230a.mp4]
[www.capanicus.com/blog/wp-content/uploads/2023/07/InShot_20230710_180134313.mp4]
[www.capanicus.com/blog/restaurant-mobile-application-development-company/index.html]
[www.capanicus.com/blog/wp-content/uploads/2023/06/Cap-Blog-11a.jpg]
[www.capanicus.com/blog/wp-json/wp/v2/posts/859.json]
[www.capanicus.com/blog/top-and-best-ott-application-development-company/feed/index.html]
[www.capanicus.com/blog/wp-json/oembed/1.0/embed0ea0.json]
[www.capanicus.com/blog/wp-json/oembed/1.0/embed6268]
[www.capanicus.com/blog/wp-content/uploads/2023/06/Cap-Blog-12.jpg]
[www.capanicus.com/blog/wp-content/uploads/2023/06/Cap-Blog-11-1024x576.jpg]
[www.capanicus.com/blog/top-and-best-ott-application-development-company/index.html]
[www.capanicus.com/blog/indexb2a8.html]
[www.capanicus.com/blog/tag/ott-application-development-company/index.html]
[www.capanicus.com/blog/tag/ott-app-development-companies/index.html]
[www.capanicus.com/blog/tag/ott-app-development-company/index.html]
[www.capanicus.com/blog/tag/ott-mobile-app-development-company/index.html]
[www.capanicus.com/blog/wp-json/wp/v2/categories/13.json]
[www.capanicus.com/blog/category/voip-development-company/feed/index.html]
[www.capanicus.com/blog/wp-content/uploads/2018/11/Cap-Blog-4-606x606.jpg]
[www.capanicus.com/blog/category/voip-development-company/index.html]
[www.capanicus.com/blog/wp-json/wp/v2/categories/12.json]
[www.capanicus.com/blog/category/voip-over-landline/index.html]
[www.capanicus.com/blog/wp-json/wp/v2/tags/103.json]
[www.capanicus.com/blog/tag/auto-dialer-development/feed/index.html]
[www.capanicus.com/blog/category/voip-over-landline/feed/index.html]
[www.capanicus.com/blog/tag/auto-dialer-development/index.html]
[www.capanicus.com/blog/voip-over-landline/index.html]
[www.capanicus.com/blog/wp-json/wp/v2/tags/101.json]
[www.capanicus.com/blog/tag/sip-dialer-development/index.html]
[www.capanicus.com/blog/tag/sip-dialer-development/feed/index.html]
[www.capanicus.com/blog/tag/sip-dialers/feed/index.html]
[www.capanicus.com/blog/wp-json/wp/v2/tags/100.json]
[www.capanicus.com/blog/tag/sip-dialers/index.html]
[www.capanicus.com/blog/tag/sip-software-development/feed/index.html]
[www.capanicus.com/blog/wp-json/wp/v2/tags/102.json]
[www.capanicus.com/blog/tag/sip-software-development/index.html]
[www.capanicus.com/blog/indexf14d.html]
[www.capanicus.com/blog/tag/calling-card-solutions/feed/index.html]
[www.capanicus.com/blog/wp-json/wp/v2/tags/98.json]
[www.capanicus.com/blog/tag/calling-card-solutions/index.html]
[www.capanicus.com/blog/wp-json/wp/v2/tags/97.json]
[www.capanicus.com/blog/tag/ip-pbx-software-development/index.html]
[www.capanicus.com/blog/tag/ip-pbx-software-development/feed/index.html]
[www.capanicus.com/blog/wp-json/wp/v2/tags/99.json]
[www.capanicus.com/blog/tag/pbx-setup/index.html]
[www.capanicus.com/blog/tag/pbx-setup/feed/index.html]
[www.capanicus.com/blog/tag/pbx-software/feed/index.html]
[www.capanicus.com/blog/wp-json/wp/v2/tags/95.json]
[www.capanicus.com/blog/tag/pbx-software/index.html]
[www.capanicus.com/blog/wp-json/wp/v2/tags/94.json]
[www.capanicus.com/blog/tag/pbx-software-development/index.html]
[www.capanicus.com/blog/tag/pbx-software-development/feed/index.html]
[www.capanicus.com/blog/tag/pbx-software-development-services/feed/index.html]
[www.capanicus.com/blog/wp-json/wp/v2/tags/96.json]
[www.capanicus.com/blog/tag/pbx-software-development-services/index.html]
[www.capanicus.com/blog/indexeda8.html]
[www.capanicus.com/blog/wp-json/wp/v2/categories/1.json]
[www.capanicus.com/blog/category/uncategorized/feed/index.html]
[www.capanicus.com/blog/wp-content/uploads/2020/07/telemedicine-app-platform-2-606x470.jpg]
[www.capanicus.com/blog/wp-content/uploads/2020/06/960x0-606x606.jpg]
[www.capanicus.com/blog/wp-content/uploads/2020/06/telemedicine-app-development_01-cover-606x528.png]
[www.capanicus.com/blog/category/uncategorized/index.html]
[www.capanicus.com/blog/features-and-challenges-of-telemedicine-app/index.html]
[www.capanicus.com/blog/wp-json/wp/v2/tags/93.json]
[www.capanicus.com/blog/tag/iot-app-development/feed/index.html]
[www.capanicus.com/blog/tag/iot-app-development/index.html]
[www.capanicus.com/blog/telemedicine-app-development/index.html]
[www.capanicus.com/blog/what-is-video-conferencing-business-benefits-of-video-conferencing/index.html]
[www.capanicus.com/blog/wp-json/wp/v2/tags/92.json]
[www.capanicus.com/blog/tag/iot-app-development-company/index.html]
[www.capanicus.com/blog/tag/iot-app-development-company/feed/index.html]
[www.capanicus.com/blog/tag/iot-application-development/feed/index.html]
[www.capanicus.com/blog/wp-json/wp/v2/tags/91.json]
[www.capanicus.com/blog/tag/iot-application-development/index.html]
[www.capanicus.com/blog/wp-json/wp/v2/tags/90.json]
[www.capanicus.com/blog/tag/iot-application-development-company/index.html]
[www.capanicus.com/blog/indexefce.html]
[www.capanicus.com/blog/tag/iot-application-development-company/feed/index.html]
[www.capanicus.com/blog/wp-json/wp/v2/tags/55.json]
[www.capanicus.com/blog/tag/best-mobile-app-development-company/index.html]
[www.capanicus.com/blog/tag/best-mobile-app-development-company/feed/index.html]
[www.capanicus.com/blog/wp-json/wp/v2/tags/60.json]
[www.capanicus.com/blog/tag/mobile-app-development/index.html]
[www.capanicus.com/blog/index3177.html]
[www.capanicus.com/blog/tag/mobile-app-development/feed/index.html]
[www.capanicus.com/blog/tag/e-commerce-development-services/feed/index.html]
[www.capanicus.com/blog/wp-json/wp/v2/tags/89.json]
[www.capanicus.com/blog/tag/e-commerce-development-services/index.html]
[www.capanicus.com/blog/wp-json/wp/v2/tags/88.json]
[www.capanicus.com/blog/tag/e-commerce-website/index.html]
[www.capanicus.com/blog/tag/e-commerce-website/feed/index.html]
[www.capanicus.com/blog/tag/e-commerce-website-development/feed/index.html]
[www.capanicus.com/blog/wp-json/wp/v2/tags/87.json]
[www.capanicus.com/blog/tag/e-commerce-website-development/index.html]
[www.capanicus.com/blog/wp-json/wp/v2/tags/86.json]
[www.capanicus.com/blog/tag/e-commerce-website-development-services/index.html]
[www.capanicus.com/blog/index6f5e.html]
[www.capanicus.com/blog/tag/e-commerce-website-development-services/feed/index.html]
[www.capanicus.com/blog/wp-json/wp/v2/tags/84.json]
[www.capanicus.com/blog/tag/nft-development/index.html]
[www.capanicus.com/blog/tag/nft-development/feed/index.html]
[www.capanicus.com/blog/tag/nft-marketplace-development/feed/index.html]
[www.capanicus.com/blog/wp-json/wp/v2/tags/85.json]
[www.capanicus.com/blog/tag/nft-marketplace-development/index.html]
[www.capanicus.com/blog/tag/nft-marketplace-platform/feed/index.html]
[www.capanicus.com/blog/wp-json/wp/v2/tags/83.json]
[www.capanicus.com/blog/tag/nft-marketplace-platform/index.html]
[www.capanicus.com/blog/wp-json/wp/v2/tags/82.json]
[www.capanicus.com/blog/tag/nft-marketplace-platform-development/index.html]
[www.capanicus.com/blog/tag/nft-marketplace-platform-development/feed/index.html]
[www.capanicus.com/blog/wp-content/uploads/2023/08/IVR-Blog.jpg]
[www.capanicus.com/blog/wp-json/wp/v2/posts/908.json]
[www.capanicus.com/blog/ivr-services-solutions-development-the-phone-system-for-modern-business/feed/index.html]
[www.capanicus.com/blog/wp-json/oembed/1.0/embed1f5f.json]
[www.capanicus.com/blog/wp-json/oembed/1.0/embedd8cb]
[www.capanicus.com/blog/wp-content/uploads/2023/08/IVR-Blog2-scaled.jpg]
[www.capanicus.com/blog/wp-content/uploads/2023/08/IVR-Blog3.jpg]
[www.capanicus.com/blog/ivr-services-solutions-development-the-phone-system-for-modern-business/index.html]
[www.capanicus.com/blog/index321c.html]
[www.capanicus.com/blog/tag/ivr-services-and-solutions/index.html]
[www.capanicus.com/blog/tag/ivr-system-development/index.html]
[www.capanicus.com/blog/category/video-conference/feed/index.html]
[www.capanicus.com/blog/wp-json/wp/v2/categories/2.json]
[www.capanicus.com/blog/wp-content/uploads/2022/12/Live-Streaming-blog-6-606x606.jpg]
[www.capanicus.com/blog/wp-content/uploads/2020/07/photo-1588196749597-9ff075ee6b5b-606x606.jpg]
[www.capanicus.com/blog/wp-content/uploads/2020/07/video-conferencing-2-606x340.jpg]
[www.capanicus.com/blog/category/video-conference/index.html]
[www.capanicus.com/blog/benefits-of-video-conferencing-during-covid-19/index.html]
[www.capanicus.com/blog/wp-json/wp/v2/categories/20.json]
[www.capanicus.com/blog/category/webrtc/feed/index.html]
[www.capanicus.com/blog/wp-content/uploads/2018/12/Cap-Blog-6-606x606.jpg]
[www.capanicus.com/blog/category/webrtc/index.html]
[www.capanicus.com/blog/latest-trends-that-must-hit-in-video-conferencing/index.html]
[www.capanicus.com/blog/wp-json/wp/v2/tags/36.json]
[www.capanicus.com/blog/tag/e-learning-platform-development-company/index.html]
[www.capanicus.com/blog/tag/e-learning-platform-development-company/feed/index.html]
[www.capanicus.com/blog/top-advantages-of-webrtc/index.html]
[www.capanicus.com/blog/wp-json/wp/v2/tags/35.json]
[www.capanicus.com/blog/tag/online-tutoring-app-development/index.html]
[www.capanicus.com/blog/tag/online-tutoring-app-development/feed/index.html]
[www.capanicus.com/blog/tag/online-tutoring-app-development-company/feed/index.html]
[www.capanicus.com/blog/wp-json/wp/v2/tags/37.json]
[www.capanicus.com/blog/tag/online-tutoring-app-development-company/index.html]
[www.capanicus.com/blog/wp-content/uploads/2022/12/Live-Streaming-blog-6.jpg]
[www.capanicus.com/blog/wp-json/wp/v2/posts/502.json]
[www.capanicus.com/blog/video-streaming-application-development-company/feed/index.html]
[www.capanicus.com/blog/wp-json/oembed/1.0/embed94b8.json]
[www.capanicus.com/blog/wp-json/oembed/1.0/embed3044]
[www.capanicus.com/blog/wp-content/uploads/2022/12/Live-Streaming-blog-6-1024x1024.jpg]
[www.capanicus.com/blog/video-streaming-application-development-company/index.html]
[www.capanicus.com/blog/wp-content/uploads/2022/09/Cap-Blog.jpg]
[www.capanicus.com/blog/tag/live-streaming-app-development-company/index.html]
[www.capanicus.com/blog/tag/live-streaming-application-development-company/index.html]
[www.capanicus.com/blog/tag/video-streaming-app-development/index.html]
[www.capanicus.com/blog/wp-json/wp/v2/posts/537.json]
[www.capanicus.com/blog/tag/video-streaming-application-development/index.html]
[www.capanicus.com/blog/online-tutoring-app-development-company/feed/index.html]
[www.capanicus.com/blog/wp-json/oembed/1.0/embed4e2b.json]
[www.capanicus.com/blog/wp-json/oembed/1.0/embed0ad6]
[www.capanicus.com/blog/online-tutoring-app-development-company/index.html]
[www.capanicus.com/blog/page/3/index.html]
[www.capanicus.com/blog/wp-json/wp/v2/posts/832.json]
[www.capanicus.com/blog/page/4/index.html]
[www.capanicus.com/blog/voip-software-development-company/feed/index.html]
[www.capanicus.com/blog/wp-json/oembed/1.0/embedc3e2.json]
[www.capanicus.com/blog/wp-json/oembed/1.0/embed6c91]
[www.capanicus.com/blog/wp-content/uploads/2023/03/voip.jpg]
[www.capanicus.com/blog/wp-content/uploads/2023/03/Picture3.jpg]
[www.capanicus.com/blog/wp-content/uploads/2023/03/Picture5.jpg]
[www.capanicus.com/blog/wp-content/uploads/2023/03/pexels-mart-production-7709189.jpg]
[www.capanicus.com/blog/voip-software-development-company/index.html]
[www.capanicus.com/blog/tag/voip-applications/index.html]
[www.capanicus.com/blog/wp-content/uploads/2023/02/Telemedicine-App-8.jpg]
[www.capanicus.com/blog/tag/voip-software/index.html]
[www.capanicus.com/blog/tag/voip-applications-development/index.html]
[www.capanicus.com/blog/wp-json/wp/v2/posts/820.json]
[www.capanicus.com/blog/telemedicine-app-development-the-way-to-revolutionize-healthcare/feed/index.html]
[www.capanicus.com/blog/wp-json/oembed/1.0/embed5db4.json]
[www.capanicus.com/blog/wp-json/oembed/1.0/embed5f38]
[www.capanicus.com/blog/wp-content/uploads/2023/02/Telemedicine-Blog-3b.jpg]
[www.capanicus.com/blog/wp-content/uploads/2023/02/Telemedicine-Blog-3-1.jpg]
[www.capanicus.com/blog/telemedicine-app-development-the-way-to-revolutionize-healthcare/index.html]
[www.capanicus.com/blog/tag/telehealth-app-development/index.html]
[www.capanicus.com/blog/wp-content/uploads/2023/02/Cap-Blog-9.jpg]
[www.capanicus.com/blog/tag/telemedicine-platform-development/index.html]
[www.capanicus.com/blog/wp-json/wp/v2/posts/781.json]
[www.capanicus.com/blog/tag/telemedicine-app-development/index.html]
[www.capanicus.com/blog/tag/telemedicine-software-development/index.html]
[www.capanicus.com/blog/the-surprising-truth-about-smartphone-applications-development/feed/index.html]
[www.capanicus.com/blog/wp-json/oembed/1.0/embedbfec.json]
[www.capanicus.com/blog/wp-json/oembed/1.0/embedac2a]
[www.capanicus.com/blog/wp-content/uploads/2023/02/Cap-Blog-9-300x169.jpg]
[www.capanicus.com/blog/wp-content/uploads/2023/02/Cap-Blog-9b-1-300x169.jpg]
[www.capanicus.com/blog/wp-content/uploads/2023/02/Cap-Blog-9c-1.jpg]
[www.capanicus.com/blog/wp-content/uploads/2023/02/Cap-Blog-9d-300x147.jpg]
[www.capanicus.com/blog/wp-content/uploads/2023/02/Cap-Blog-9e-1-300x171.jpg]
[www.capanicus.com/blog/the-surprising-truth-about-smartphone-applications-development/index.html]
[www.capanicus.com/blog/tag/smartphone-application-development/index.html]
[www.capanicus.com/blog/tag/smartphone-applications/index.html]
[www.capanicus.com/blog/tag/applications-development/index.html]
[www.capanicus.com/blog/tag/smartphone-applications-development/index.html]
[www.capanicus.com/blog/wp-content/uploads/2022/12/Live-Streaming-blog-scaled.jpg]
[www.capanicus.com/blog/wp-json/wp/v2/posts/647.json]
[www.capanicus.com/blog/the-advantages-of-live-streaming-apps-for-organisation/feed/index.html]
[www.capanicus.com/blog/wp-json/oembed/1.0/embedbfc6.json]
[www.capanicus.com/blog/wp-json/oembed/1.0/embed57aa]
[www.capanicus.com/blog/wp-content/uploads/2022/12/Live-Streaming-blog-300x169.jpg]
[www.capanicus.com/blog/wp-content/uploads/2022/12/Live-Streaming-blog-4-300x169.jpg]
[www.capanicus.com/blog/wp-content/uploads/2022/12/Live-Streaming-blog-2-300x169.jpg]
[www.capanicus.com/blog/wp-content/uploads/2022/12/Live-Streaming-blog-3-300x169.jpg]
[www.capanicus.com/blog/wp-content/uploads/2022/12/Live-Streaming-blog-5a.jpg]
[www.capanicus.com/blog/the-advantages-of-live-streaming-apps-for-organisation/index.html]
[www.capanicus.com/blog/tag/live-streaming-application/index.html]
[www.capanicus.com/blog/wp-content/uploads/2022/10/Cap-Blog-2.jpg]
[www.capanicus.com/blog/wp-json/wp/v2/posts/575.json]
[www.capanicus.com/blog/tag/live-streaming-apps/index.html]
[www.capanicus.com/blog/webrtc-services-development-company/feed/index.html]
[www.capanicus.com/blog/wp-json/oembed/1.0/embeda368.json]
[www.capanicus.com/blog/wp-json/oembed/1.0/embed04d1]
[www.capanicus.com/blog/wp-content/uploads/2022/10/Cap-Blog-2-300x300.jpg]
[www.capanicus.com/blog/webrtc-services-development-company/index.html]
[www.capanicus.com/blog/wp-content/uploads/2020/01/five-g-606x606.png]
[www.capanicus.com/blog/tag/webrtc-developers/index.html]
[www.capanicus.com/blog/tag/webrtc-application/index.html]
[www.capanicus.com/blog/tag/webrtc-software/index.html]
[www.capanicus.com/blog/wp-content/uploads/2023/05/Cap-Blog-10-606x562.jpg]
[www.capanicus.com/blog/tag/webrtc-software-development/index.html]
[www.capanicus.com/blog/wp-content/uploads/2019/11/python-concept_1308-21146-606x570.jpg]
[www.capanicus.com/blog/wp-content/uploads/2019/07/nicolas-lb-uVSyr0EUaLY-unsplash-606x606.jpg]
[www.capanicus.com/blog/do-you-know-about-5g/index.html]
[www.capanicus.com/blog/reactjs-application-development-company/index.html]
[www.capanicus.com/blog/wp-content/uploads/2018/12/Azure-Development-Company.jpg]
[www.capanicus.com/blog/wp-content/uploads/2018/12/Cap-Blog-5-606x606.jpg]
[www.capanicus.com/blog/category/trending-technologies/page/3/index.html]
[www.capanicus.com/blog/the-coding-languages-that-should-be-learned/index.html]
[www.capanicus.com/blog/be-the-master-of-streaming-media/index.html]
[www.capanicus.com/blog/wp-content/uploads/2020/12/eCommerce_tredsn_you_must_know.png]
[www.capanicus.com/blog/azure-development-company/index.html]
[www.capanicus.com/blog/chatbots-in-start-up/index.html]
[www.capanicus.com/blog/wp-json/wp/v2/posts/480.json]
[www.capanicus.com/blog/coming-trends-in-e-commerce/feed/index.html]
[www.capanicus.com/blog/wp-json/oembed/1.0/embedce6c.json]
[www.capanicus.com/blog/wp-json/oembed/1.0/embed8152]
[www.capanicus.com/blog/coming-trends-in-e-commerce/index.html]
[www.capanicus.com/blog/wp-content/uploads/2020/11/mad_blog_5d1ca4198fff61562158105.png]
[www.capanicus.com/blog/wp-json/wp/v2/posts/476.json]
[www.capanicus.com/blog/upcoming-technologies-that-will-trigger-your-carrier/feed/index.html]
[www.capanicus.com/blog/wp-json/oembed/1.0/embedd459.json]
[www.capanicus.com/blog/wp-json/oembed/1.0/embed8067]
[www.capanicus.com/blog/upcoming-technologies-that-will-trigger-your-carrier/index.html]
[www.capanicus.com/blog/wp-content/uploads/2020/08/VC-guide-use-case_0.jpg]
[www.capanicus.com/blog/wp-json/wp/v2/posts/472.json]
[www.capanicus.com/blog/covid-19-and-video-conferencing/feed/index.html]
[www.capanicus.com/blog/wp-json/oembed/1.0/embed733e.json]
[www.capanicus.com/blog/wp-json/oembed/1.0/embeddea8]
[www.capanicus.com/blog/covid-19-and-video-conferencing/index.html]
[www.capanicus.com/blog/wp-content/uploads/2020/08/digital-health-trends-1024x562-1.jpg]
[www.capanicus.com/blog/wp-json/wp/v2/posts/469.json]
[www.capanicus.com/blog/digital-health-service-telehealth/feed/index.html]
[www.capanicus.com/blog/wp-json/oembed/1.0/embed6341.json]
[www.capanicus.com/blog/wp-json/oembed/1.0/embedc9ad]
[www.capanicus.com/blog/digital-health-service-telehealth/index.html]
[www.capanicus.com/blog/wp-content/uploads/2020/07/telemdecine.png]
[www.capanicus.com/blog/wp-json/wp/v2/posts/465.json]
[www.capanicus.com/blog/telemedicine-app-development-company/feed/index.html]
[www.capanicus.com/blog/wp-json/oembed/1.0/embed2517.json]
[www.capanicus.com/blog/wp-json/oembed/1.0/embedab9b]
[www.capanicus.com/blog/telemedicine-app-development-company/index.html]
[www.capanicus.com/blog/wp-content/uploads/2020/06/Virtual-Classroom-scaled.jpg]
[www.capanicus.com/blog/wp-json/wp/v2/posts/402.json]
[www.capanicus.com/blog/online-teaching-platform/feed/index.html]
[www.capanicus.com/blog/wp-json/oembed/1.0/embedf3d8.json]
[www.capanicus.com/blog/wp-json/oembed/1.0/embed4637]
[www.capanicus.com/blog/online-teaching-platform/index.html]
[www.capanicus.com/blog/index2cc4.html]
[www.capanicus.com/blog/tag/online-teaching-platform/index.html]
[www.capanicus.com/blog/tag/blockchain-application-development/feed/index.html]
[www.capanicus.com/blog/tag/online-teaching-platform-app-development/index.html]
[www.capanicus.com/blog/tag/online-teaching-platform-app/index.html]
[www.capanicus.com/blog/wp-json/wp/v2/tags/76.json]
[www.capanicus.com/blog/tag/blockchain-application-development/index.html]
[www.capanicus.com/blog/wp-json/wp/v2/tags/75.json]
[www.capanicus.com/blog/tag/blockchain-application-development-company/index.html]
[www.capanicus.com/blog/index0d89.html]
[www.capanicus.com/blog/index049d.html]
[www.capanicus.com/blog/tag/blockchain-application-development-company/feed/index.html]
[www.capanicus.com/blog/wp-json/wp/v2/tags/71.json]
[www.capanicus.com/blog/tag/ott-app-development-companies/index.html]
[www.capanicus.com/blog/tag/ott-app-development-companies/feed/index.html]
[www.capanicus.com/blog/wp-json/wp/v2/tags/72.json]
[www.capanicus.com/blog/tag/ott-app-development-company/index.html]
[www.capanicus.com/blog/tag/ott-app-development-company/feed/index.html]
[www.capanicus.com/blog/wp-json/wp/v2/tags/73.json]
[www.capanicus.com/blog/tag/ott-application-development-company/index.html]
[www.capanicus.com/blog/tag/ott-application-development-company/feed/index.html]
[www.capanicus.com/blog/wp-json/wp/v2/tags/74.json]
[www.capanicus.com/blog/tag/ott-mobile-app-development-company/index.html]
[www.capanicus.com/blog/tag/ott-mobile-app-development-company/feed/index.html]
[www.capanicus.com/blog/wp-content/uploads/2018/11/Cap-Blog-4.jpg]
[www.capanicus.com/blog/wp-json/wp/v2/posts/195.json]
[www.capanicus.com/blog/voip-over-landline/feed/index.html]
[www.capanicus.com/blog/wp-json/oembed/1.0/embed32bf.json]
[www.capanicus.com/blog/wp-json/oembed/1.0/embed99ad]
[www.capanicus.com/blog/wp-content/uploads/2018/11/Cap-Blog-4-300x300.jpg]
[www.capanicus.com/blog/wp-content/uploads/2018/11/Advantage-and-disadvantage-of-VoIP.jpg]
[www.capanicus.com/blog/wp-content/uploads/2018/11/VoIP-over-Landline.jpg]
[www.capanicus.com/blog/voip-over-landline/index.html]
[www.capanicus.com/blog/tag/voip-development-company/index.html]
[www.capanicus.com/blog/tag/voip-over-landline/index.html]
[www.capanicus.com/blog/wp-content/uploads/2020/07/telemedicine-app-platform-2.jpg]
[www.capanicus.com/blog/tag/voip-system/index.html]
[www.capanicus.com/blog/wp-json/wp/v2/posts/454.json]
[www.capanicus.com/blog/features-and-challenges-of-telemedicine-app/feed/index.html]
[www.capanicus.com/blog/wp-json/oembed/1.0/embedf120.json]
[www.capanicus.com/blog/wp-json/oembed/1.0/embed845c]
[www.capanicus.com/blog/features-and-challenges-of-telemedicine-app/index.html]
[www.capanicus.com/blog/wp-content/uploads/2020/06/960x0.jpg]
[www.capanicus.com/blog/wp-json/wp/v2/posts/441.json]
[www.capanicus.com/blog/what-is-video-conferencing-business-benefits-of-video-conferencing/feed/index.html]
[www.capanicus.com/blog/wp-json/oembed/1.0/embed75a9.json]
[www.capanicus.com/blog/wp-json/oembed/1.0/embed35e5]
[www.capanicus.com/blog/what-is-video-conferencing-business-benefits-of-video-conferencing/index.html]
[www.capanicus.com/blog/wp-content/uploads/2020/06/telemedicine-app-development_01-cover.png]
[www.capanicus.com/blog/tag/video-conferencing/index.html]
[www.capanicus.com/blog/tag/video-conferencing-development/index.html]
[www.capanicus.com/blog/telemedicine-app-development/feed/index.html]
[www.capanicus.com/blog/wp-json/wp/v2/posts/436.json]
[www.capanicus.com/blog/tag/video-conferencing-software/index.html]
[www.capanicus.com/blog/wp-json/oembed/1.0/embed7e66.json]
[www.capanicus.com/blog/wp-json/oembed/1.0/embed724d]
[www.capanicus.com/blog/telemedicine-app-development/index.html]
[www.capanicus.com/blog/indexdd92.html]
[www.capanicus.com/blog/wp-json/wp/v2/tags/77.json]
[www.capanicus.com/blog/tag/ivr-services-and-solutions/index.html]
[www.capanicus.com/blog/tag/ivr-services-and-solutions/feed/index.html]
[www.capanicus.com/blog/wp-json/wp/v2/tags/78.json]
[www.capanicus.com/blog/tag/ivr-system-development/index.html]
[www.capanicus.com/blog/tag/ivr-system-development/feed/index.html]
[www.capanicus.com/blog/wp-content/uploads/2020/07/photo-1588196749597-9ff075ee6b5b.jpg]
[www.capanicus.com/blog/wp-json/wp/v2/posts/462.json]
[www.capanicus.com/blog/benefits-of-video-conferencing-during-covid-19/feed/index.html]
[www.capanicus.com/blog/wp-json/oembed/1.0/embed7acd.json]
[www.capanicus.com/blog/wp-json/oembed/1.0/embedf77b]
[www.capanicus.com/blog/benefits-of-video-conferencing-during-covid-19/index.html]
[www.capanicus.com/blog/wp-content/uploads/2020/07/video-conferencing-2.jpg]
[www.capanicus.com/blog/wp-json/wp/v2/posts/458.json]
[www.capanicus.com/blog/tag/video-conferencing-application/index.html]
[www.capanicus.com/blog/tag/video-conferencing-application-development/index.html]
[www.capanicus.com/blog/latest-trends-that-must-hit-in-video-conferencing/feed/index.html]
[www.capanicus.com/blog/wp-json/oembed/1.0/embeda45b.json]
[www.capanicus.com/blog/wp-json/oembed/1.0/embedbf7d]
[www.capanicus.com/blog/latest-trends-that-must-hit-in-video-conferencing/index.html]
[www.capanicus.com/blog/wp-content/uploads/2018/12/Cap-Blog-6-scaled.jpg]
[www.capanicus.com/blog/top-advantages-of-webrtc/feed/index.html]
[www.capanicus.com/blog/wp-json/wp/v2/posts/211.json]
[www.capanicus.com/blog/wp-json/oembed/1.0/embed49d5.json]
[www.capanicus.com/blog/wp-json/oembed/1.0/embed69e7]
[www.capanicus.com/blog/wp-content/uploads/2018/12/Cap-Blog-6-300x169.jpg]
[www.capanicus.com/blog/top-advantages-of-webrtc/index.html]
[www.capanicus.com/blog/indexda6e.html]
[www.capanicus.com/blog/wp-json/wp/v2/tags/33.json]
[www.capanicus.com/blog/tag/live-streaming-app-development-company/feed/index.html]
[www.capanicus.com/blog/tag/live-streaming-app-development-company/index.html]
[www.capanicus.com/blog/tag/advantage-of-webrtc/index.html]
[www.capanicus.com/blog/tag/webrtc-company/index.html]
[www.capanicus.com/blog/tag/live-streaming-application-development-company/feed/index.html]
[www.capanicus.com/blog/wp-json/wp/v2/tags/30.json]
[www.capanicus.com/blog/tag/live-streaming-application-development-company/index.html]
[www.capanicus.com/blog/wp-json/wp/v2/tags/32.json]
[www.capanicus.com/blog/tag/video-streaming-app-development/index.html]
[www.capanicus.com/blog/tag/video-streaming-app-development/feed/index.html]
[www.capanicus.com/blog/wp-json/wp/v2/tags/31.json]
[www.capanicus.com/blog/tag/video-streaming-application-development/index.html]
[www.capanicus.com/blog/indexfbc0.html]
[www.capanicus.com/blog/tag/video-streaming-application-development/feed/index.html]
[www.capanicus.com/blog/page/4/index.html]
[www.capanicus.com/blog/index59f6.html]
[www.capanicus.com/blog/page/5/index.html]
[www.capanicus.com/blog/tag/voip-applications/feed/index.html]
[www.capanicus.com/blog/wp-json/wp/v2/tags/65.json]
[www.capanicus.com/blog/tag/voip-applications/index.html]
[www.capanicus.com/blog/wp-json/wp/v2/tags/66.json]
[www.capanicus.com/blog/tag/voip-applications-development/index.html]
[www.capanicus.com/blog/tag/voip-applications-development/feed/index.html]
[www.capanicus.com/blog/wp-json/wp/v2/tags/67.json]
[www.capanicus.com/blog/tag/voip-software/index.html]
[www.capanicus.com/blog/indexccf0.html]
[www.capanicus.com/blog/tag/voip-software/feed/index.html]
[www.capanicus.com/blog/wp-json/wp/v2/tags/62.json]
[www.capanicus.com/blog/tag/telehealth-app-development/index.html]
[www.capanicus.com/blog/tag/telehealth-app-development/feed/index.html]
[www.capanicus.com/blog/tag/telemedicine-app-development/feed/index.html]
[www.capanicus.com/blog/wp-json/wp/v2/tags/61.json]
[www.capanicus.com/blog/tag/telemedicine-app-development/index.html]
[www.capanicus.com/blog/tag/telemedicine-platform-development/feed/index.html]
[www.capanicus.com/blog/wp-json/wp/v2/tags/63.json]
[www.capanicus.com/blog/tag/telemedicine-platform-development/index.html]
[www.capanicus.com/blog/wp-json/wp/v2/tags/64.json]
[www.capanicus.com/blog/tag/telemedicine-software-development/index.html]
[www.capanicus.com/blog/index4aec.html]
[www.capanicus.com/blog/tag/telemedicine-software-development/feed/index.html]
[www.capanicus.com/blog/wp-json/wp/v2/tags/58.json]
[www.capanicus.com/blog/tag/applications-development/index.html]
[www.capanicus.com/blog/tag/applications-development/feed/index.html]
[www.capanicus.com/blog/tag/smartphone-application-development/feed/index.html]
[www.capanicus.com/blog/wp-json/wp/v2/tags/59.json]
[www.capanicus.com/blog/tag/smartphone-application-development/index.html]
[www.capanicus.com/blog/wp-json/wp/v2/tags/57.json]
[www.capanicus.com/blog/tag/smartphone-applications/index.html]
[www.capanicus.com/blog/tag/smartphone-applications/feed/index.html]
[www.capanicus.com/blog/tag/smartphone-applications-development/feed/index.html]
[www.capanicus.com/blog/wp-json/wp/v2/tags/56.json]
[www.capanicus.com/blog/tag/smartphone-applications-development/index.html]
[www.capanicus.com/blog/index6087.html]
[www.capanicus.com/blog/wp-json/wp/v2/tags/50.json]
[www.capanicus.com/blog/tag/live-streaming-application/index.html]
[www.capanicus.com/blog/tag/live-streaming-application/feed/index.html]
[www.capanicus.com/blog/wp-json/wp/v2/tags/51.json]
[www.capanicus.com/blog/tag/live-streaming-apps/index.html]
[www.capanicus.com/blog/indexa379.html]
[www.capanicus.com/blog/tag/live-streaming-apps/feed/index.html]
[www.capanicus.com/blog/wp-json/wp/v2/tags/49.json]
[www.capanicus.com/blog/tag/webrtc-application/index.html]
[www.capanicus.com/blog/tag/webrtc-application/feed/index.html]
[www.capanicus.com/blog/wp-json/wp/v2/tags/47.json]
[www.capanicus.com/blog/tag/webrtc-developers/index.html]
[www.capanicus.com/blog/tag/webrtc-developers/feed/index.html]
[www.capanicus.com/blog/wp-json/wp/v2/tags/48.json]
[www.capanicus.com/blog/tag/webrtc-software/index.html]
[www.capanicus.com/blog/tag/webrtc-software/feed/index.html]
[www.capanicus.com/blog/wp-json/wp/v2/tags/22.json]
[www.capanicus.com/blog/tag/webrtc-software-development/index.html]
[www.capanicus.com/blog/tag/webrtc-software-development/feed/index.html]
[www.capanicus.com/blog/wp-content/uploads/2020/01/five-g.png]
[www.capanicus.com/blog/wp-json/wp/v2/posts/395.json]
[www.capanicus.com/blog/do-you-know-about-5g/feed/index.html]
[www.capanicus.com/blog/wp-json/oembed/1.0/embed6804.json]
[www.capanicus.com/blog/wp-json/oembed/1.0/embedc481]
[www.capanicus.com/blog/do-you-know-about-5g/index.html]
[www.capanicus.com/blog/wp-content/uploads/2023/05/Cap-Blog-10.jpg]
[www.capanicus.com/blog/wp-json/wp/v2/posts/388.json]
[www.capanicus.com/blog/reactjs-application-development-company/feed/index.html]
[www.capanicus.com/blog/wp-json/oembed/1.0/embed18ff.json]
[www.capanicus.com/blog/wp-json/oembed/1.0/embed3e28]
[www.capanicus.com/blog/wp-content/uploads/2019/11/Cap-Blog-10a.jpg]
[www.capanicus.com/blog/reactjs-application-development-company/index.html]
[www.capanicus.com/blog/tag/react-application-development-company/index.html]
[www.capanicus.com/blog/wp-content/uploads/2019/11/python-concept_1308-21146.jpg]
[www.capanicus.com/blog/tag/react-native/index.html]
[www.capanicus.com/blog/tag/reactjs-application-development-company/index.html]
[www.capanicus.com/blog/wp-json/wp/v2/posts/383.json]
[www.capanicus.com/blog/the-coding-languages-that-should-be-learned/feed/index.html]
[www.capanicus.com/blog/wp-json/oembed/1.0/embed32d0.json]
[www.capanicus.com/blog/wp-json/oembed/1.0/embed3424]
[www.capanicus.com/blog/the-coding-languages-that-should-be-learned/index.html]
[www.capanicus.com/blog/wp-content/uploads/2019/07/nicolas-lb-uVSyr0EUaLY-unsplash.jpg]
[www.capanicus.com/blog/be-the-master-of-streaming-media/feed/index.html]
[www.capanicus.com/blog/wp-json/wp/v2/posts/258.json]
[www.capanicus.com/blog/wp-json/oembed/1.0/embed491e.json]
[www.capanicus.com/blog/wp-json/oembed/1.0/embedea7b]
[www.capanicus.com/blog/be-the-master-of-streaming-media/index.html]
[www.capanicus.com/blog/wp-json/wp/v2/posts/238.json]
[www.capanicus.com/blog/azure-development-company/feed/index.html]
[www.capanicus.com/blog/wp-json/oembed/1.0/embedb7da.json]
[www.capanicus.com/blog/wp-json/oembed/1.0/embed0e8f]
[www.capanicus.com/blog/azure-development-company/index.html]
[www.capanicus.com/blog/tag/azure-development/index.html]
[www.capanicus.com/blog/category/azure-development/index.html]
[www.capanicus.com/blog/tag/azure-development-company/index.html]
[www.capanicus.com/blog/wp-content/uploads/2018/12/Cap-Blog-5.jpg]
[www.capanicus.com/blog/tag/microsoft-azure-application-development-services/index.html]
[www.capanicus.com/blog/wp-json/wp/v2/posts/207.json]
[www.capanicus.com/blog/chatbots-in-start-up/feed/index.html]
[www.capanicus.com/blog/wp-json/oembed/1.0/embedb40e.json]
[www.capanicus.com/blog/wp-json/oembed/1.0/embed3670]
[www.capanicus.com/blog/wp-content/uploads/2018/12/Cap-Blog-5-1024x1024.jpg]
[www.capanicus.com/blog/chatbots-in-start-up/index.html]
[www.capanicus.com/blog/index77b5.html]
[www.capanicus.com/blog/index2847.html]
[www.capanicus.com/blog/index8c8c.html]
[www.capanicus.com/blog/indexa040.html]
[www.capanicus.com/blog/index6b92.html]
[www.capanicus.com/blog/index2e64.html]
[www.capanicus.com/blog/tag/advantages-of-chatbot/index.html]
[www.capanicus.com/blog/category/chatbots/index.html]
[www.capanicus.com/blog/tag/chatbots-in-start-up/index.html]
[www.capanicus.com/blog/wp-json/wp/v2/tags/46.json]
[www.capanicus.com/blog/tag/online-teaching-platform/index.html]
[www.capanicus.com/blog/tag/online-teaching-platform/feed/index.html]
[www.capanicus.com/blog/tag/online-teaching-platform-app/feed/index.html]
[www.capanicus.com/blog/wp-json/wp/v2/tags/45.json]
[www.capanicus.com/blog/tag/online-teaching-platform-app/index.html]
[www.capanicus.com/blog/wp-json/wp/v2/tags/44.json]
[www.capanicus.com/blog/tag/online-teaching-platform-app-development/index.html]
[www.capanicus.com/blog/index78d6.html]
[www.capanicus.com/blog/tag/online-teaching-platform-app-development/feed/index.html]
[www.capanicus.com/blog/wp-json/wp/v2/tags/15.json]
[www.capanicus.com/blog/tag/voip-development-company/index.html]
[www.capanicus.com/blog/tag/voip-development-company/feed/index.html]
[www.capanicus.com/blog/tag/voip-over-landline/feed/index.html]
[www.capanicus.com/blog/wp-json/wp/v2/tags/14.json]
[www.capanicus.com/blog/tag/voip-over-landline/index.html]
[www.capanicus.com/blog/wp-json/wp/v2/tags/16.json]
[www.capanicus.com/blog/tag/voip-system/index.html]
[www.capanicus.com/blog/index6353.html]
[www.capanicus.com/blog/indexdf01.html]
[www.capanicus.com/blog/tag/voip-system/feed/index.html]
[www.capanicus.com/blog/wp-json/wp/v2/tags/38.json]
[www.capanicus.com/blog/tag/video-conferencing/index.html]
[www.capanicus.com/blog/tag/video-conferencing/feed/index.html]
[www.capanicus.com/blog/wp-json/wp/v2/tags/5.json]
[www.capanicus.com/blog/tag/video-conferencing-development/index.html]
[www.capanicus.com/blog/tag/video-conferencing-development/feed/index.html]
[www.capanicus.com/blog/tag/video-conferencing-software/feed/index.html]
[www.capanicus.com/blog/wp-json/wp/v2/tags/3.json]
[www.capanicus.com/blog/tag/video-conferencing-software/index.html]
[www.capanicus.com/blog/indexc1f6.html]
[www.capanicus.com/blog/indexd526.html]
[www.capanicus.com/blog/wp-json/wp/v2/tags/40.json]
[www.capanicus.com/blog/tag/video-conferencing-application/index.html]
[www.capanicus.com/blog/tag/video-conferencing-application/feed/index.html]
[www.capanicus.com/blog/wp-json/wp/v2/tags/41.json]
[www.capanicus.com/blog/tag/video-conferencing-application-development/index.html]
[www.capanicus.com/blog/indexf7f8.html]
[www.capanicus.com/blog/index0114.html]
[www.capanicus.com/blog/tag/video-conferencing-application-development/feed/index.html]
[www.capanicus.com/blog/wp-json/wp/v2/tags/21.json]
[www.capanicus.com/blog/tag/advantage-of-webrtc/index.html]
[www.capanicus.com/blog/tag/advantage-of-webrtc/feed/index.html]
[www.capanicus.com/blog/wp-json/wp/v2/tags/23.json]
[www.capanicus.com/blog/tag/webrtc-company/index.html]
[www.capanicus.com/blog/page/5/index.html]
[www.capanicus.com/blog/index0449.html]
[www.capanicus.com/blog/index42a9.html]
[www.capanicus.com/blog/tag/webrtc-company/feed/index.html]
[www.capanicus.com/blog/wp-json/wp/v2/tags/70.json]
[www.capanicus.com/blog/tag/react-application-development-company/index.html]
[www.capanicus.com/blog/tag/react-application-development-company/feed/index.html]
[www.capanicus.com/blog/wp-json/wp/v2/tags/68.json]
[www.capanicus.com/blog/tag/react-native/index.html]
[www.capanicus.com/blog/tag/react-native/feed/index.html]
[www.capanicus.com/blog/tag/reactjs-application-development-company/feed/index.html]
[www.capanicus.com/blog/wp-json/wp/v2/tags/69.json]
[www.capanicus.com/blog/tag/reactjs-application-development-company/index.html]
[www.capanicus.com/blog/index3f97.html]
[www.capanicus.com/blog/indexb773.html]
[www.capanicus.com/blog/index3dc6.html]
[www.capanicus.com/blog/wp-json/wp/v2/categories/26.json]
[www.capanicus.com/blog/category/azure-development/index.html]
[www.capanicus.com/blog/category/azure-development/feed/index.html]
[www.capanicus.com/blog/wp-json/wp/v2/tags/25.json]
[www.capanicus.com/blog/tag/azure-development/index.html]
[www.capanicus.com/blog/tag/azure-development/feed/index.html]
[www.capanicus.com/blog/wp-json/wp/v2/tags/27.json]
[www.capanicus.com/blog/tag/azure-development-company/index.html]
[www.capanicus.com/blog/tag/azure-development-company/feed/index.html]
[www.capanicus.com/blog/wp-json/wp/v2/tags/39.json]
[www.capanicus.com/blog/tag/microsoft-azure-application-development-services/index.html]
[www.capanicus.com/blog/indexeb91.html]
[www.capanicus.com/blog/tag/microsoft-azure-application-development-services/feed/index.html]
[www.capanicus.com/blog/wp-json/wp/v2/categories/17.json]
[www.capanicus.com/blog/category/chatbots/index.html]
[www.capanicus.com/blog/category/chatbots/feed/index.html]
[www.capanicus.com/blog/wp-json/wp/v2/tags/19.json]
[www.capanicus.com/blog/tag/advantages-of-chatbot/index.html]
[www.capanicus.com/blog/tag/advantages-of-chatbot/feed/index.html]
[www.capanicus.com/blog/wp-json/wp/v2/tags/18.json]
[www.capanicus.com/blog/tag/chatbots-in-start-up/index.html]
[www.capanicus.com/blog/tag/chatbots-in-start-up/feed/index.html]
